Archive member included to satisfy reference by file (symbol)

c:/program files/microchip/xc32/v4.35/bin/bin/../../lib/gcc/pic32c/8.3.1/thumb/v7-a+simd/hard\libgcc.a(_udivsi3.o)
                              build/lcdc_rgba8888_mxt_a5d29_cu_wvga/debug/_ext/818091002/legato_math.o (__aeabi_uidiv)
c:/program files/microchip/xc32/v4.35/bin/bin/../../lib/gcc/pic32c/8.3.1/thumb/v7-a+simd/hard\libgcc.a(_divsi3.o)
                              build/lcdc_rgba8888_mxt_a5d29_cu_wvga/debug/_ext/818091002/legato_math.o (__aeabi_idiv)
c:/program files/microchip/xc32/v4.35/bin/bin/../../lib/gcc/pic32c/8.3.1/thumb/v7-a+simd/hard\libgcc.a(_dvmd_tls.o)
                              c:/program files/microchip/xc32/v4.35/bin/bin/../../lib/gcc/pic32c/8.3.1/thumb/v7-a+simd/hard\libgcc.a(_udivsi3.o) (__aeabi_idiv0)
c:/program files/microchip/xc32/v4.35/bin/bin/../../lib/gcc/pic32c/8.3.1/thumb/v7-a+simd/hard\libgcc.a(_aeabi_uldivmod.o)
                              build/lcdc_rgba8888_mxt_a5d29_cu_wvga/debug/_ext/220132538/sys_time.o (__aeabi_uldivmod)
c:/program files/microchip/xc32/v4.35/bin/bin/../../lib/gcc/pic32c/8.3.1/thumb/v7-a+simd/hard\libgcc.a(_udivmoddi4.o)
                              c:/program files/microchip/xc32/v4.35/bin/bin/../../lib/gcc/pic32c/8.3.1/thumb/v7-a+simd/hard\libgcc.a(_aeabi_uldivmod.o) (__udivmoddi4)
c:/program files/microchip/xc32/v4.35/bin/bin/../../lib/gcc/pic32c/8.3.1/../../../../pic32c/lib/thumb/v7-a+simd/hard\libm-musl.a(atan.o)
                              build/lcdc_rgba8888_mxt_a5d29_cu_wvga/debug/_ext/818091002/legato_math.o (atan)
c:/program files/microchip/xc32/v4.35/bin/bin/../../lib/gcc/pic32c/8.3.1/../../../../pic32c/lib/thumb/v7-a+simd/hard\libm-musl.a(fabs.o)
                              c:/program files/microchip/xc32/v4.35/bin/bin/../../lib/gcc/pic32c/8.3.1/../../../../pic32c/lib/thumb/v7-a+simd/hard\libm-musl.a(atan.o) (fabs)
c:/program files/microchip/xc32/v4.35/bin/bin/../../lib/gcc/pic32c/8.3.1/../../../../pic32c/lib/thumb/v7-a+simd/hard\libg-musl.a(__libc_start_main.o)
                              build/lcdc_rgba8888_mxt_a5d29_cu_wvga/debug/_ext/2138299949/cstartup.o (__libc_init_array)
c:/program files/microchip/xc32/v4.35/bin/bin/../../lib/gcc/pic32c/8.3.1/../../../../pic32c/lib/thumb/v7-a+simd/hard\libg-musl.a(libc.o)
                              c:/program files/microchip/xc32/v4.35/bin/bin/../../lib/gcc/pic32c/8.3.1/../../../../pic32c/lib/thumb/v7-a+simd/hard\libg-musl.a(__libc_start_main.o) (__progname_full)
c:/program files/microchip/xc32/v4.35/bin/bin/../../lib/gcc/pic32c/8.3.1/../../../../pic32c/lib/thumb/v7-a+simd/hard\libg-musl.a(__sio_printf_cnpsuxX.o)
                              (_printf_cnpsuxX)
c:/program files/microchip/xc32/v4.35/bin/bin/../../lib/gcc/pic32c/8.3.1/../../../../pic32c/lib/thumb/v7-a+simd/hard\libg-musl.a(__fmt_s.o)
                              c:/program files/microchip/xc32/v4.35/bin/bin/../../lib/gcc/pic32c/8.3.1/../../../../pic32c/lib/thumb/v7-a+simd/hard\libg-musl.a(__sio_printf_cnpsuxX.o) (__fmt_s_needed)
c:/program files/microchip/xc32/v4.35/bin/bin/../../lib/gcc/pic32c/8.3.1/../../../../pic32c/lib/thumb/v7-a+simd/hard\libg-musl.a(__fmt_u.o)
                              c:/program files/microchip/xc32/v4.35/bin/bin/../../lib/gcc/pic32c/8.3.1/../../../../pic32c/lib/thumb/v7-a+simd/hard\libg-musl.a(__sio_printf_cnpsuxX.o) (__fmt_u_needed)
c:/program files/microchip/xc32/v4.35/bin/bin/../../lib/gcc/pic32c/8.3.1/../../../../pic32c/lib/thumb/v7-a+simd/hard\libg-musl.a(__fmt_x.o)
                              c:/program files/microchip/xc32/v4.35/bin/bin/../../lib/gcc/pic32c/8.3.1/../../../../pic32c/lib/thumb/v7-a+simd/hard\libg-musl.a(__sio_printf_cnpsuxX.o) (__fmt_x_needed)
c:/program files/microchip/xc32/v4.35/bin/bin/../../lib/gcc/pic32c/8.3.1/../../../../pic32c/lib/thumb/v7-a+simd/hard\libg-musl.a(__pop_int.o)
                              c:/program files/microchip/xc32/v4.35/bin/bin/../../lib/gcc/pic32c/8.3.1/../../../../pic32c/lib/thumb/v7-a+simd/hard\libg-musl.a(__sio_printf_cnpsuxX.o) (__pop_int_needed)
c:/program files/microchip/xc32/v4.35/bin/bin/../../lib/gcc/pic32c/8.3.1/../../../../pic32c/lib/thumb/v7-a+simd/hard\libg-musl.a(__pop_ptr.o)
                              c:/program files/microchip/xc32/v4.35/bin/bin/../../lib/gcc/pic32c/8.3.1/../../../../pic32c/lib/thumb/v7-a+simd/hard\libg-musl.a(__sio_printf_cnpsuxX.o) (__pop_ptr_needed)
c:/program files/microchip/xc32/v4.35/bin/bin/../../lib/gcc/pic32c/8.3.1/../../../../pic32c/lib/thumb/v7-a+simd/hard\libg-musl.a(__printf_core.o)
                              c:/program files/microchip/xc32/v4.35/bin/bin/../../lib/gcc/pic32c/8.3.1/../../../../pic32c/lib/thumb/v7-a+simd/hard\libg-musl.a(__fmt_s.o) (__pad)
c:/program files/microchip/xc32/v4.35/bin/bin/../../lib/gcc/pic32c/8.3.1/../../../../pic32c/lib/thumb/v7-a+simd/hard\libg-musl.a(stdin.o)
                              build/lcdc_rgba8888_mxt_a5d29_cu_wvga/debug/_ext/2138299949/initialization.o (_stdin)
[...]
Memory Configuration

Name             Origin             Length             Attributes
sram             0x00200000         0x00020000         !xrw
ram              0x21000000         0x1f000000         xrw
ram_nocache      0x20000000         0x01000000         !xrw
rom              0x00000000         0x00000000         xrl
*default*        0x00000000         0xffffffff

Linker script and memory map

LOAD c:/program files/microchip/xc32/v4.35/bin/bin/../../lib/gcc/pic32c/8.3.1/thumb/v7-a+simd/hard/crti.o
LOAD c:/program files/microchip/xc32/v4.35/bin/bin/../../lib/gcc/pic32c/8.3.1/thumb/v7-a+simd/hard/crtbegin.o
LOAD build/lcdc_rgba8888_mxt_a5d29_cu_wvga/debug/_ext/110322374/gfx_driver.o
LOAD build/lcdc_rgba8888_mxt_a5d29_cu_wvga/debug/_ext/1683688436/drv_gfx_lcdc.o
LOAD build/lcdc_rgba8888_mxt_a5d29_cu_wvga/debug/_ext/818091002/legato_pixelbuffer.o
LOAD build/lcdc_rgba8888_mxt_a5d29_cu_wvga/debug/_ext/818091002/legato_error.o
LOAD build/lcdc_rgba8888_mxt_a5d29_cu_wvga/debug/_ext/818091002/legato_color.o
LOAD build/lcdc_rgba8888_mxt_a5d29_cu_wvga/debug/_ext/818091002/legato_rect.o
LOAD build/lcdc_rgba8888_mxt_a5d29_cu_wvga/debug/_ext/818091002/legato_color_convert.o
LOAD build/lcdc_rgba8888_mxt_a5d29_cu_wvga/debug/_ext/818091002/legato_utils.o
LOAD build/lcdc_rgba8888_mxt_a5d29_cu_wvga/debug/_ext/818091002/legato_color_value.o
LOAD build/lcdc_rgba8888_mxt_a5d29_cu_wvga/debug/_ext/818091002/legato_math.o
LOAD build/lcdc_rgba8888_mxt_a5d29_cu_wvga/debug/_ext/818091002/legato_color_lerp.o
LOAD build/lcdc_rgba8888_mxt_a5d29_cu_wvga/debug/_ext/818091002/legato_color_blend.o
LOAD build/lcdc_rgba8888_mxt_a5d29_cu_wvga/debug/_ext/25964178/legato_event.o
LOAD build/lcdc_rgba8888_mxt_a5d29_cu_wvga/debug/_ext/25964178/legato_input.o
LOAD build/lcdc_rgba8888_mxt_a5d29_cu_wvga/debug/_ext/25964178/legato_stream.o
LOAD build/lcdc_rgba8888_mxt_a5d29_cu_wvga/debug/_ext/25964178/legato_state.o
LOAD build/lcdc_rgba8888_mxt_a5d29_cu_wvga/debug/_ext/25964178/legato_scheme.o
LOAD build/lcdc_rgba8888_mxt_a5d29_cu_wvga/debug/_ext/1675801626/legato_rectarray.o
LOAD build/lcdc_rgba8888_mxt_a5d29_cu_wvga/debug/_ext/1675801626/legato_list.o
LOAD build/lcdc_rgba8888_mxt_a5d29_cu_wvga/debug/_ext/1675801626/legato_array.o
LOAD build/lcdc_rgba8888_mxt_a5d29_cu_wvga/debug/_ext/25874914/legato_rasterfont_liberationmono8.o
LOAD build/lcdc_rgba8888_mxt_a5d29_cu_wvga/debug/_ext/25874914/legato_rasterfont_liberationmono1.o
LOAD build/lcdc_rgba8888_mxt_a5d29_cu_wvga/debug/_ext/25874914/legato_font.o
LOAD build/lcdc_rgba8888_mxt_a5d29_cu_wvga/debug/_ext/25874914/legato_rasterfont_stream.o
LOAD build/lcdc_rgba8888_mxt_a5d29_cu_wvga/debug/_ext/660918238/le_gen_fonts.o
LOAD build/lcdc_rgba8888_mxt_a5d29_cu_wvga/debug/_ext/983672916/le_gen_images.o
LOAD build/lcdc_rgba8888_mxt_a5d29_cu_wvga/debug/_ext/151528389/le_gen_screen_Screen0.o
LOAD build/lcdc_rgba8888_mxt_a5d29_cu_wvga/debug/_ext/417513184/le_gen_stringtable.o
LOAD build/lcdc_rgba8888_mxt_a5d29_cu_wvga/debug/_ext/417513184/le_gen_scheme.o
LOAD build/lcdc_rgba8888_mxt_a5d29_cu_wvga/debug/_ext/417513184/le_gen_globalpalette.o
LOAD build/lcdc_rgba8888_mxt_a5d29_cu_wvga/debug/_ext/417513184/le_gen_harmony.o
LOAD build/lcdc_rgba8888_mxt_a5d29_cu_wvga/debug/_ext/417513184/le_gen_init.o
LOAD build/lcdc_rgba8888_mxt_a5d29_cu_wvga/debug/_ext/1851100373/legato_imagedecoder_jpeg.o
LOAD build/lcdc_rgba8888_mxt_a5d29_cu_wvga/debug/_ext/1851100373/legato_imagedecoder_jpeg_common.o
LOAD build/lcdc_rgba8888_mxt_a5d29_cu_wvga/debug/_ext/1851100373/jidctint.o
LOAD build/lcdc_rgba8888_mxt_a5d29_cu_wvga/debug/_ext/1851011674/legato_imagedecoder_mono_read_internal.o
LOAD build/lcdc_rgba8888_mxt_a5d29_cu_wvga/debug/_ext/1851011674/legato_imagedecoder_mono.o
LOAD build/lcdc_rgba8888_mxt_a5d29_cu_wvga/debug/_ext/1851011674/legato_imagedecoder_mono_read_stream.o
LOAD build/lcdc_rgba8888_mxt_a5d29_cu_wvga/debug/_ext/1583727866/legato_imagedecoder_png.o
LOAD build/lcdc_rgba8888_mxt_a5d29_cu_wvga/debug/_ext/1583727866/lodepng.o
LOAD build/lcdc_rgba8888_mxt_a5d29_cu_wvga/debug/_ext/1583726331/legato_imagedecoder_raw_read_stream_rlecolor.o
LOAD build/lcdc_rgba8888_mxt_a5d29_cu_wvga/debug/_ext/1583726331/legato_imagedecoder_raw_scale.o
LOAD build/lcdc_rgba8888_mxt_a5d29_cu_wvga/debug/_ext/1583726331/legato_imagedecoder_raw_setup.o
LOAD build/lcdc_rgba8888_mxt_a5d29_cu_wvga/debug/_ext/1583726331/legato_imagedecoder_raw.o
LOAD build/lcdc_rgba8888_mxt_a5d29_cu_wvga/debug/_ext/1583726331/legato_imagedecoder_raw_mask.o
LOAD build/lcdc_rgba8888_mxt_a5d29_cu_wvga/debug/_ext/1583726331/legato_imagedecoder_raw_read_stream_rleindex.o
LOAD build/lcdc_rgba8888_mxt_a5d29_cu_wvga/debug/_ext/1583726331/legato_imagedecoder_raw_convert.o
LOAD build/lcdc_rgba8888_mxt_a5d29_cu_wvga/debug/_ext/1583726331/legato_imagedecoder_raw_write.o
LOAD build/lcdc_rgba8888_mxt_a5d29_cu_wvga/debug/_ext/1583726331/legato_imagedecoder_raw_read_stream_color.o
LOAD build/lcdc_rgba8888_mxt_a5d29_cu_wvga/debug/_ext/1583726331/legato_imagedecoder_raw_palette_internal.o
LOAD build/lcdc_rgba8888_mxt_a5d29_cu_wvga/debug/_ext/1583726331/legato_imagedecoder_raw_palette_stream.o
LOAD build/lcdc_rgba8888_mxt_a5d29_cu_wvga/debug/_ext/1583726331/legato_imagedecoder_raw_rotate.o
LOAD build/lcdc_rgba8888_mxt_a5d29_cu_wvga/debug/_ext/1583726331/legato_imagedecoder_raw_read_internal.o
LOAD build/lcdc_rgba8888_mxt_a5d29_cu_wvga/debug/_ext/1583726331/legato_imagedecoder_raw_blend.o
LOAD build/lcdc_rgba8888_mxt_a5d29_cu_wvga/debug/_ext/1583726331/legato_imagedecoder_raw_read_stream_index.o
LOAD build/lcdc_rgba8888_mxt_a5d29_cu_wvga/debug/_ext/799424148/legato_palette.o
LOAD build/lcdc_rgba8888_mxt_a5d29_cu_wvga/debug/_ext/799424148/legato_image.o
LOAD build/lcdc_rgba8888_mxt_a5d29_cu_wvga/debug/_ext/799424148/legato_image_utils.o
LOAD build/lcdc_rgba8888_mxt_a5d29_cu_wvga/debug/_ext/1095149328/legato_variableheap.o
LOAD build/lcdc_rgba8888_mxt_a5d29_cu_wvga/debug/_ext/1095149328/legato_fixedheap.o
LOAD build/lcdc_rgba8888_mxt_a5d29_cu_wvga/debug/_ext/1095149328/legato_memory.o
LOAD build/lcdc_rgba8888_mxt_a5d29_cu_wvga/debug/_ext/313713426/legato_draw.o
LOAD build/lcdc_rgba8888_mxt_a5d29_cu_wvga/debug/_ext/313713426/legato_gpu.o
LOAD build/lcdc_rgba8888_mxt_a5d29_cu_wvga/debug/_ext/313713426/legato_draw_rect.o
LOAD build/lcdc_rgba8888_mxt_a5d29_cu_wvga/debug/_ext/313713426/legato_draw_arc.o
LOAD build/lcdc_rgba8888_mxt_a5d29_cu_wvga/debug/_ext/313713426/legato_draw_line.o
LOAD build/lcdc_rgba8888_mxt_a5d29_cu_wvga/debug/_ext/313713426/legato_renderer.o
LOAD build/lcdc_rgba8888_mxt_a5d29_cu_wvga/debug/_ext/1280920096/legato_dynamicstring.o
LOAD build/lcdc_rgba8888_mxt_a5d29_cu_wvga/debug/_ext/1280920096/legato_stringtable.o
LOAD build/lcdc_rgba8888_mxt_a5d29_cu_wvga/debug/_ext/1280920096/legato_string.o
LOAD build/lcdc_rgba8888_mxt_a5d29_cu_wvga/debug/_ext/1280920096/legato_tablestring.o
LOAD build/lcdc_rgba8888_mxt_a5d29_cu_wvga/debug/_ext/1280920096/legato_fixedstring.o
LOAD build/lcdc_rgba8888_mxt_a5d29_cu_wvga/debug/_ext/1280920096/legato_string_renderer.o
LOAD build/lcdc_rgba8888_mxt_a5d29_cu_wvga/debug/_ext/1280920096/legato_stringutils.o
LOAD build/lcdc_rgba8888_mxt_a5d29_cu_wvga/debug/_ext/1280920096/legato_string_renderer_stream.o
LOAD build/lcdc_rgba8888_mxt_a5d29_cu_wvga/debug/_ext/672023914/legato_widget_arc_skin_classic.o
LOAD build/lcdc_rgba8888_mxt_a5d29_cu_wvga/debug/_ext/672023914/legato_widget_arc.o
LOAD build/lcdc_rgba8888_mxt_a5d29_cu_wvga/debug/_ext/535157929/legato_widget_bar_graph.o
LOAD build/lcdc_rgba8888_mxt_a5d29_cu_wvga/debug/_ext/535157929/legato_widget_bar_graph_skin_classic.o
LOAD build/lcdc_rgba8888_mxt_a5d29_cu_wvga/debug/_ext/1389834130/legato_widget_button_skin_classic.o
LOAD build/lcdc_rgba8888_mxt_a5d29_cu_wvga/debug/_ext/1389834130/legato_widget_button.o
LOAD build/lcdc_rgba8888_mxt_a5d29_cu_wvga/debug/_ext/1545837057/legato_widget_checkbox_skin_classic.o
LOAD build/lcdc_rgba8888_mxt_a5d29_cu_wvga/debug/_ext/1545837057/legato_widget_checkbox.o
LOAD build/lcdc_rgba8888_mxt_a5d29_cu_wvga/debug/_ext/1372363252/legato_widget_circle.o
LOAD build/lcdc_rgba8888_mxt_a5d29_cu_wvga/debug/_ext/1372363252/legato_widget_circle_skin_classic.o
LOAD build/lcdc_rgba8888_mxt_a5d29_cu_wvga/debug/_ext/99987202/legato_widget_circular_gauge_skin_classic.o
LOAD build/lcdc_rgba8888_mxt_a5d29_cu_wvga/debug/_ext/99987202/legato_widget_circular_gauge.o
LOAD build/lcdc_rgba8888_mxt_a5d29_cu_wvga/debug/_ext/1548712316/legato_widget_circular_slider.o
LOAD build/lcdc_rgba8888_mxt_a5d29_cu_wvga/debug/_ext/1548712316/legato_widget_circular_slider_skin_classic.o
LOAD build/lcdc_rgba8888_mxt_a5d29_cu_wvga/debug/_ext/1628161837/legato_widget_drawsurface_skin_classic.o
LOAD build/lcdc_rgba8888_mxt_a5d29_cu_wvga/debug/_ext/1628161837/legato_widget_drawsurface.o
LOAD build/lcdc_rgba8888_mxt_a5d29_cu_wvga/debug/_ext/1301889388/legato_widget_gradient_skin_classic.o
LOAD build/lcdc_rgba8888_mxt_a5d29_cu_wvga/debug/_ext/1301889388/legato_widget_gradient.o
LOAD build/lcdc_rgba8888_mxt_a5d29_cu_wvga/debug/_ext/1718603048/legato_widget_groupbox.o
LOAD build/lcdc_rgba8888_mxt_a5d29_cu_wvga/debug/_ext/1718603048/legato_widget_groupbox_skin_classic.o
LOAD build/lcdc_rgba8888_mxt_a5d29_cu_wvga/debug/_ext/1562646369/legato_widget_image.o
LOAD build/lcdc_rgba8888_mxt_a5d29_cu_wvga/debug/_ext/1562646369/legato_widget_image_skin_classic.o
LOAD build/lcdc_rgba8888_mxt_a5d29_cu_wvga/debug/_ext/472355514/legato_widget_imagerotate_skin_classic.o
LOAD build/lcdc_rgba8888_mxt_a5d29_cu_wvga/debug/_ext/472355514/legato_widget_imagerotate.o
LOAD build/lcdc_rgba8888_mxt_a5d29_cu_wvga/debug/_ext/399856629/legato_widget_imagescale_skin_classic.o
LOAD build/lcdc_rgba8888_mxt_a5d29_cu_wvga/debug/_ext/399856629/legato_widget_imagescale.o
LOAD build/lcdc_rgba8888_mxt_a5d29_cu_wvga/debug/_ext/56971616/legato_widget_imagesequence.o
LOAD build/lcdc_rgba8888_mxt_a5d29_cu_wvga/debug/_ext/56971616/legato_widget_imagesequence_skin_classic.o
LOAD build/lcdc_rgba8888_mxt_a5d29_cu_wvga/debug/_ext/1146803440/legato_widget_keypad_skin_classic.o
LOAD build/lcdc_rgba8888_mxt_a5d29_cu_wvga/debug/_ext/1146803440/legato_widget_keypad.o
LOAD build/lcdc_rgba8888_mxt_a5d29_cu_wvga/debug/_ext/1560232392/legato_widget_label.o
LOAD build/lcdc_rgba8888_mxt_a5d29_cu_wvga/debug/_ext/1560232392/legato_widget_label_skin_classic.o
LOAD build/lcdc_rgba8888_mxt_a5d29_cu_wvga/debug/_ext/642414640/legato_widget_line.o
LOAD build/lcdc_rgba8888_mxt_a5d29_cu_wvga/debug/_ext/642414640/legato_widget_line_skin_classic.o
LOAD build/lcdc_rgba8888_mxt_a5d29_cu_wvga/debug/_ext/1430906654/legato_widget_line_graph.o
LOAD build/lcdc_rgba8888_mxt_a5d29_cu_wvga/debug/_ext/1430906654/legato_widget_line_graph_skin_classic.o
LOAD build/lcdc_rgba8888_mxt_a5d29_cu_wvga/debug/_ext/642414810/legato_widget_list.o
LOAD build/lcdc_rgba8888_mxt_a5d29_cu_wvga/debug/_ext/642414810/legato_widget_list_skin_classic.o
LOAD build/lcdc_rgba8888_mxt_a5d29_cu_wvga/debug/_ext/2017376961/legato_widget_listwheel_skin_classic.o
LOAD build/lcdc_rgba8888_mxt_a5d29_cu_wvga/debug/_ext/2017376961/legato_widget_listwheel.o
LOAD build/lcdc_rgba8888_mxt_a5d29_cu_wvga/debug/_ext/523274254/legato_widget_pie_chart.o
LOAD build/lcdc_rgba8888_mxt_a5d29_cu_wvga/debug/_ext/523274254/legato_widget_pie_chart_skin_classic.o
LOAD build/lcdc_rgba8888_mxt_a5d29_cu_wvga/debug/_ext/1454396662/legato_widget_progressbar.o
LOAD build/lcdc_rgba8888_mxt_a5d29_cu_wvga/debug/_ext/1454396662/legato_widget_progressbar_skin_classic.o
LOAD build/lcdc_rgba8888_mxt_a5d29_cu_wvga/debug/_ext/633930554/legato_widget_radial_menu_state.o
LOAD build/lcdc_rgba8888_mxt_a5d29_cu_wvga/debug/_ext/633930554/legato_widget_radial_menu_skin_classic.o
LOAD build/lcdc_rgba8888_mxt_a5d29_cu_wvga/debug/_ext/633930554/legato_widget_radial_menu.o
LOAD build/lcdc_rgba8888_mxt_a5d29_cu_wvga/debug/_ext/1733676849/legato_radiobutton_group.o
LOAD build/lcdc_rgba8888_mxt_a5d29_cu_wvga/debug/_ext/1733676849/legato_widget_radiobutton.o
LOAD build/lcdc_rgba8888_mxt_a5d29_cu_wvga/debug/_ext/1733676849/legato_widget_radiobutton_skin_classic.o
LOAD build/lcdc_rgba8888_mxt_a5d29_cu_wvga/debug/_ext/45984435/legato_widget_rectangle_skin_classic.o
LOAD build/lcdc_rgba8888_mxt_a5d29_cu_wvga/debug/_ext/45984435/legato_widget_rectangle.o
LOAD build/lcdc_rgba8888_mxt_a5d29_cu_wvga/debug/_ext/657521814/legato_widget_scrollbar.o
LOAD build/lcdc_rgba8888_mxt_a5d29_cu_wvga/debug/_ext/657521814/legato_widget_scrollbar_skin_classic.o
LOAD build/lcdc_rgba8888_mxt_a5d29_cu_wvga/debug/_ext/911793635/legato_widget_slider.o
LOAD build/lcdc_rgba8888_mxt_a5d29_cu_wvga/debug/_ext/911793635/legato_widget_slider_skin_classic.o
LOAD build/lcdc_rgba8888_mxt_a5d29_cu_wvga/debug/_ext/2106749647/legato_widget_textfield.o
LOAD build/lcdc_rgba8888_mxt_a5d29_cu_wvga/debug/_ext/2106749647/legato_widget_textfield_skin_classic.o
LOAD build/lcdc_rgba8888_mxt_a5d29_cu_wvga/debug/_ext/710579819/legato_widget_touchtest.o
LOAD build/lcdc_rgba8888_mxt_a5d29_cu_wvga/debug/_ext/710579819/legato_widget_touchtest_skin_classic.o
LOAD build/lcdc_rgba8888_mxt_a5d29_cu_wvga/debug/_ext/799898324/legato_widget_window.o
LOAD build/lcdc_rgba8888_mxt_a5d29_cu_wvga/debug/_ext/799898324/legato_widget_window_skin_classic.o
LOAD build/lcdc_rgba8888_mxt_a5d29_cu_wvga/debug/_ext/1384858707/legato_editwidget.o
LOAD build/lcdc_rgba8888_mxt_a5d29_cu_wvga/debug/_ext/1384858707/legato_widget.o
LOAD build/lcdc_rgba8888_mxt_a5d29_cu_wvga/debug/_ext/1384858707/legato_widget_skin_classic.o
LOAD build/lcdc_rgba8888_mxt_a5d29_cu_wvga/debug/_ext/1384858707/legato_widget_skin_classic_common.o
LOAD build/lcdc_rgba8888_mxt_a5d29_cu_wvga/debug/_ext/913482268/plib_aic.o
LOAD build/lcdc_rgba8888_mxt_a5d29_cu_wvga/debug/_ext/913480245/plib_clk.o
LOAD build/lcdc_rgba8888_mxt_a5d29_cu_wvga/debug/_ext/1747142829/plib_lcdc.o
LOAD build/lcdc_rgba8888_mxt_a5d29_cu_wvga/debug/_ext/300677512/plib_matrix.o
LOAD build/lcdc_rgba8888_mxt_a5d29_cu_wvga/debug/_ext/913470594/plib_mmu.o
LOAD build/lcdc_rgba8888_mxt_a5d29_cu_wvga/debug/_ext/913467841/plib_pio.o
LOAD build/lcdc_rgba8888_mxt_a5d29_cu_wvga/debug/_ext/109080742/plib_tc0.o
LOAD build/lcdc_rgba8888_mxt_a5d29_cu_wvga/debug/_ext/1747409477/plib_uart0.o
LOAD build/lcdc_rgba8888_mxt_a5d29_cu_wvga/debug/_ext/2052011187/xc32_monitor.o
LOAD build/lcdc_rgba8888_mxt_a5d29_cu_wvga/debug/_ext/429578658/sys_cache.o
LOAD build/lcdc_rgba8888_mxt_a5d29_cu_wvga/debug/_ext/908022688/sys_int.o
LOAD build/lcdc_rgba8888_mxt_a5d29_cu_wvga/debug/_ext/220132538/sys_time.o
LOAD build/lcdc_rgba8888_mxt_a5d29_cu_wvga/debug/_ext/2138299949/interrupts.o
LOAD build/lcdc_rgba8888_mxt_a5d29_cu_wvga/debug/_ext/2138299949/initialization.o
LOAD build/lcdc_rgba8888_mxt_a5d29_cu_wvga/debug/_ext/2138299949/cstartup.o
LOAD build/lcdc_rgba8888_mxt_a5d29_cu_wvga/debug/_ext/2138299949/fault_handlers.o
LOAD build/lcdc_rgba8888_mxt_a5d29_cu_wvga/debug/_ext/2138299949/tasks.o
LOAD build/lcdc_rgba8888_mxt_a5d29_cu_wvga/debug/_ext/1360937237/main.o
LOAD build/lcdc_rgba8888_mxt_a5d29_cu_wvga/debug/_ext/1360937237/app.o
                0x00000001                __MPLAB_BUILD = 0x1
                0x00001000                C_STACK_SIZE = 0x1000
                0x00000060                IRQ_STACK_SIZE = 0x60
                0x00000060                FIQ_STACK_SIZE = 0x60
                0x00001000                SVC_STACK_SIZE = 0x1000
                0x00000040                ABT_STACK_SIZE = 0x40
                0x00000040                UND_STACK_SIZE = 0x40

.text           0x26f00000    0x5346c
                0x26f00000                . = ALIGN (0x4)
                0x26f00000                _sfixed = .
 *(.textEntry)
 .textEntry     0x26f00000      0x13c build/lcdc_rgba8888_mxt_a5d29_cu_wvga/debug/_ext/2138299949/cstartup.o
                0x26f00000                entry
 *(.text .text.* .gnu.linkonce.t.*)
 .text          0x26f0013c       0x40 c:/program files/microchip/xc32/v4.35/bin/bin/../../lib/gcc/pic32c/8.3.1/thumb/v7-a+simd/hard/crtbegin.o
 .text.gfxPixelBufferCreate
                0x26f0017c       0x90 build/lcdc_rgba8888_mxt_a5d29_cu_wvga/debug/_ext/110322374/gfx_driver.o
                0x26f0017c                gfxPixelBufferCreate
 .text.gfxPixelBufferOffsetGet
                0x26f0020c       0x34 build/lcdc_rgba8888_mxt_a5d29_cu_wvga/debug/_ext/110322374/gfx_driver.o
                0x26f0020c                gfxPixelBufferOffsetGet
 .text.gfxPixelBuffer_IsLocked
                0x26f00240        0xe build/lcdc_rgba8888_mxt_a5d29_cu_wvga/debug/_ext/110322374/gfx_driver.o
                0x26f00240                gfxPixelBuffer_IsLocked
 .text._IntHandlerLayerReadComplete
                0x26f0024e       0x28 build/lcdc_rgba8888_mxt_a5d29_cu_wvga/debug/_ext/1683688436/drv_gfx_lcdc.o
                0x26f0024e                _IntHandlerLayerReadComplete
 .text.DRV_LCDC_Update
                0x26f00276       0x1a build/lcdc_rgba8888_mxt_a5d29_cu_wvga/debug/_ext/1683688436/drv_gfx_lcdc.o
                0x26f00276                DRV_LCDC_Update
 .text.LCDC_BrightnessSet
                0x26f00290       0x1e build/lcdc_rgba8888_mxt_a5d29_cu_wvga/debug/_ext/1683688436/drv_gfx_lcdc.o
                0x26f00290                LCDC_BrightnessSet
 .text.DRV_LCDC_Initialize
                0x26f002ae      0x29a build/lcdc_rgba8888_mxt_a5d29_cu_wvga/debug/_ext/1683688436/drv_gfx_lcdc.o
                0x26f002ae                DRV_LCDC_Initialize
 .text.DRV_LCDC_BlitBuffer
                0x26f00548       0x8e build/lcdc_rgba8888_mxt_a5d29_cu_wvga/debug/_ext/1683688436/drv_gfx_lcdc.o
                0x26f00548                DRV_LCDC_BlitBuffer
 .text.DRV_LCDC_IOCTL
                0x26f005d6      0x122 build/lcdc_rgba8888_mxt_a5d29_cu_wvga/debug/_ext/1683688436/drv_gfx_lcdc.o
                0x26f005d6                DRV_LCDC_IOCTL
 .text.indexGet1bpp
                0x26f006f8       0x18 build/lcdc_rgba8888_mxt_a5d29_cu_wvga/debug/_ext/818091002/legato_pixelbuffer.o
 .text.indexGet4bpp
                0x26f00710       0x14 build/lcdc_rgba8888_mxt_a5d29_cu_wvga/debug/_ext/818091002/legato_pixelbuffer.o
 .text.indexGet
                0x26f00724       0x40 build/lcdc_rgba8888_mxt_a5d29_cu_wvga/debug/_ext/818091002/legato_pixelbuffer.o
 .text.get1byte
                0x26f00764        0x4 build/lcdc_rgba8888_mxt_a5d29_cu_wvga/debug/_ext/818091002/legato_pixelbuffer.o
 .text.get2byte
                0x26f00768        0x4 build/lcdc_rgba8888_mxt_a5d29_cu_wvga/debug/_ext/818091002/legato_pixelbuffer.o
 .text.get3byte
                0x26f0076c       0x12 build/lcdc_rgba8888_mxt_a5d29_cu_wvga/debug/_ext/818091002/legato_pixelbuffer.o
 .text.get4byte
                0x26f0077e        0x4 build/lcdc_rgba8888_mxt_a5d29_cu_wvga/debug/_ext/818091002/legato_pixelbuffer.o
 .text.set1byte
                0x26f00782        0x6 build/lcdc_rgba8888_mxt_a5d29_cu_wvga/debug/_ext/818091002/legato_pixelbuffer.o
 .text.set2byte
                0x26f00788        0x6 build/lcdc_rgba8888_mxt_a5d29_cu_wvga/debug/_ext/818091002/legato_pixelbuffer.o
 .text.set3byte
                0x26f0078e        0xe build/lcdc_rgba8888_mxt_a5d29_cu_wvga/debug/_ext/818091002/legato_pixelbuffer.o
 .text.set4byte
                0x26f0079c        0x6 build/lcdc_rgba8888_mxt_a5d29_cu_wvga/debug/_ext/818091002/legato_pixelbuffer.o
 .text.lePixelBufferCreate
                0x26f007a2       0x8c build/lcdc_rgba8888_mxt_a5d29_cu_wvga/debug/_ext/818091002/legato_pixelbuffer.o
                0x26f007a2                lePixelBufferCreate
 .text.lePixelBufferOffsetGet
                0x26f0082e       0x3c build/lcdc_rgba8888_mxt_a5d29_cu_wvga/debug/_ext/818091002/legato_pixelbuffer.o
                0x26f0082e                lePixelBufferOffsetGet
 .text.lePixelBufferOffsetGet_Unsafe
                0x26f0086a       0x2a build/lcdc_rgba8888_mxt_a5d29_cu_wvga/debug/_ext/818091002/legato_pixelbuffer.o
                0x26f0086a                lePixelBufferOffsetGet_Unsafe
 .text.lePixelBufferGet_Unsafe
                0x26f00894       0x46 build/lcdc_rgba8888_mxt_a5d29_cu_wvga/debug/_ext/818091002/legato_pixelbuffer.o
                0x26f00894                lePixelBufferGet_Unsafe
 .text.lePixelBufferGet
                0x26f008da       0x20 build/lcdc_rgba8888_mxt_a5d29_cu_wvga/debug/_ext/818091002/legato_pixelbuffer.o
                0x26f008da                lePixelBufferGet
 .text.lePixelBufferClipRect
                0x26f008fa       0x54 build/lcdc_rgba8888_mxt_a5d29_cu_wvga/debug/_ext/818091002/legato_pixelbuffer.o
                0x26f008fa                lePixelBufferClipRect
 .text.lePixelBufferGetIndex_Unsafe
                0x26f0094e       0x22 build/lcdc_rgba8888_mxt_a5d29_cu_wvga/debug/_ext/818091002/legato_pixelbuffer.o
                0x26f0094e                lePixelBufferGetIndex_Unsafe
 .text.lePixelBufferSet_Unsafe
                0x26f00970       0x5a build/lcdc_rgba8888_mxt_a5d29_cu_wvga/debug/_ext/818091002/legato_pixelbuffer.o
                0x26f00970                lePixelBufferSet_Unsafe
 .text.lePixelBufferSet
                0x26f009ca       0x1a build/lcdc_rgba8888_mxt_a5d29_cu_wvga/debug/_ext/818091002/legato_pixelbuffer.o
                0x26f009ca                lePixelBufferSet
 .text.lePixelBufferAreaFill_Unsafe
                0x26f009e4       0xa4 build/lcdc_rgba8888_mxt_a5d29_cu_wvga/debug/_ext/818091002/legato_pixelbuffer.o
                0x26f009e4                lePixelBufferAreaFill_Unsafe
 .text.lePixelBufferAreaFill
                0x26f00a88       0x4e build/lcdc_rgba8888_mxt_a5d29_cu_wvga/debug/_ext/818091002/legato_pixelbuffer.o
                0x26f00a88                lePixelBufferAreaFill
 .text.lePixelBufferCopy
                0x26f00ad6       0x96 build/lcdc_rgba8888_mxt_a5d29_cu_wvga/debug/_ext/818091002/legato_pixelbuffer.o
                0x26f00ad6                lePixelBufferCopy
 .text.leColorChannelAlpha
                0x26f00b6c       0x26 build/lcdc_rgba8888_mxt_a5d29_cu_wvga/debug/_ext/818091002/legato_color.o
                0x26f00b6c                leColorChannelAlpha
 .text.leColorSwap
                0x26f00b92       0x68 build/lcdc_rgba8888_mxt_a5d29_cu_wvga/debug/_ext/818091002/legato_color.o
                0x26f00b92                leColorSwap
 .text.leRectContainsPoint
                0x26f00bfa       0x40 build/lcdc_rgba8888_mxt_a5d29_cu_wvga/debug/_ext/818091002/legato_rect.o
                0x26f00bfa                leRectContainsPoint
 .text.leRectContainsRect
                0x26f00c3a       0x50 build/lcdc_rgba8888_mxt_a5d29_cu_wvga/debug/_ext/818091002/legato_rect.o
                0x26f00c3a                leRectContainsRect
 .text.leRectIntersects
                0x26f00c8a       0x50 build/lcdc_rgba8888_mxt_a5d29_cu_wvga/debug/_ext/818091002/legato_rect.o
                0x26f00c8a                leRectIntersects
 .text.leRectCombine
                0x26f00cda       0x6e build/lcdc_rgba8888_mxt_a5d29_cu_wvga/debug/_ext/818091002/legato_rect.o
                0x26f00cda                leRectCombine
 .text.leRectClipAdj
                0x26f00d48       0xe2 build/lcdc_rgba8888_mxt_a5d29_cu_wvga/debug/_ext/818091002/legato_rect.o
                0x26f00d48                leRectClipAdj
 .text.leRectClip
                0x26f00e2a       0x64 build/lcdc_rgba8888_mxt_a5d29_cu_wvga/debug/_ext/818091002/legato_rect.o
                0x26f00e2a                leRectClip
 .text.leRectCompare
                0x26f00e8e       0x42 build/lcdc_rgba8888_mxt_a5d29_cu_wvga/debug/_ext/818091002/legato_rect.o
                0x26f00e8e                leRectCompare
 .text.leRectsAreSimilar
                0x26f00ed0       0x86 build/lcdc_rgba8888_mxt_a5d29_cu_wvga/debug/_ext/818091002/legato_rect.o
                0x26f00ed0                leRectsAreSimilar
 .text.no_conv  0x26f00f56        0x2 build/lcdc_rgba8888_mxt_a5d29_cu_wvga/debug/_ext/818091002/legato_color_convert.o
 .text.gs8_rgb332
                0x26f00f58        0xe build/lcdc_rgba8888_mxt_a5d29_cu_wvga/debug/_ext/818091002/legato_color_convert.o
 .text.gs8_rgb565
                0x26f00f66       0x16 build/lcdc_rgba8888_mxt_a5d29_cu_wvga/debug/_ext/818091002/legato_color_convert.o
 .text.gs8_rgba5551
                0x26f00f7c       0x1c build/lcdc_rgba8888_mxt_a5d29_cu_wvga/debug/_ext/818091002/legato_color_convert.o
 .text.gs8_rgb888
                0x26f00f98        0xa build/lcdc_rgba8888_mxt_a5d29_cu_wvga/debug/_ext/818091002/legato_color_convert.o
 .text.gs8_rgba8888
                0x26f00fa2       0x10 build/lcdc_rgba8888_mxt_a5d29_cu_wvga/debug/_ext/818091002/legato_color_convert.o
 .text.gs8_argb8888
                0x26f00fb2        0xe build/lcdc_rgba8888_mxt_a5d29_cu_wvga/debug/_ext/818091002/legato_color_convert.o
 .text.gs8_mono
                0x26f00fc0        0xa build/lcdc_rgba8888_mxt_a5d29_cu_wvga/debug/_ext/818091002/legato_color_convert.o
 .text.rgb332_rgb565
                0x26f00fca       0x20 build/lcdc_rgba8888_mxt_a5d29_cu_wvga/debug/_ext/818091002/legato_color_convert.o
 .text.rgb332_rgba5551
                0x26f00fea       0x20 build/lcdc_rgba8888_mxt_a5d29_cu_wvga/debug/_ext/818091002/legato_color_convert.o
 .text.rgb332_rgb888
                0x26f0100a       0x1e build/lcdc_rgba8888_mxt_a5d29_cu_wvga/debug/_ext/818091002/legato_color_convert.o
 .text.rgb332_rgba8888
                0x26f01028       0x1e build/lcdc_rgba8888_mxt_a5d29_cu_wvga/debug/_ext/818091002/legato_color_convert.o
 .text.rgb332_argb8888
                0x26f01046       0x1e build/lcdc_rgba8888_mxt_a5d29_cu_wvga/debug/_ext/818091002/legato_color_convert.o
 .text.rgb565_rgb332
                0x26f01064       0x16 build/lcdc_rgba8888_mxt_a5d29_cu_wvga/debug/_ext/818091002/legato_color_convert.o
 .text.rgb565_rgba5551
                0x26f0107a       0x16 build/lcdc_rgba8888_mxt_a5d29_cu_wvga/debug/_ext/818091002/legato_color_convert.o
 .text.rgb565_rgb888
                0x26f01090       0x16 build/lcdc_rgba8888_mxt_a5d29_cu_wvga/debug/_ext/818091002/legato_color_convert.o
 .text.rgb565_rgba8888
                0x26f010a6       0x1a build/lcdc_rgba8888_mxt_a5d29_cu_wvga/debug/_ext/818091002/legato_color_convert.o
 .text.rgb565_argb8888
                0x26f010c0       0x1a build/lcdc_rgba8888_mxt_a5d29_cu_wvga/debug/_ext/818091002/legato_color_convert.o
 .text.rgba5551_gs8
                0x26f010da        0x2 build/lcdc_rgba8888_mxt_a5d29_cu_wvga/debug/_ext/818091002/legato_color_convert.o
 .text.rgba5551_rgb332
                0x26f010dc       0x16 build/lcdc_rgba8888_mxt_a5d29_cu_wvga/debug/_ext/818091002/legato_color_convert.o
 .text.rgba5551_rgb565
                0x26f010f2       0x14 build/lcdc_rgba8888_mxt_a5d29_cu_wvga/debug/_ext/818091002/legato_color_convert.o
 .text.rgba5551_rgb888
                0x26f01106       0x1e build/lcdc_rgba8888_mxt_a5d29_cu_wvga/debug/_ext/818091002/legato_color_convert.o
 .text.rgba5551_rgba8888
                0x26f01124       0x2c build/lcdc_rgba8888_mxt_a5d29_cu_wvga/debug/_ext/818091002/legato_color_convert.o
 .text.rgba5551_argb8888
                0x26f01150       0x34 build/lcdc_rgba8888_mxt_a5d29_cu_wvga/debug/_ext/818091002/legato_color_convert.o
 .text.rgb888_gs8
                0x26f01184        0x2 build/lcdc_rgba8888_mxt_a5d29_cu_wvga/debug/_ext/818091002/legato_color_convert.o
 .text.rgb888_rgb332
                0x26f01186       0x18 build/lcdc_rgba8888_mxt_a5d29_cu_wvga/debug/_ext/818091002/legato_color_convert.o
 .text.rgb888_rgb565
                0x26f0119e       0x16 build/lcdc_rgba8888_mxt_a5d29_cu_wvga/debug/_ext/818091002/legato_color_convert.o
 .text.rgb888_rgba5551
                0x26f011b4       0x1c build/lcdc_rgba8888_mxt_a5d29_cu_wvga/debug/_ext/818091002/legato_color_convert.o
 .text.rgb888_rgba8888
                0x26f011d0        0x8 build/lcdc_rgba8888_mxt_a5d29_cu_wvga/debug/_ext/818091002/legato_color_convert.o
 .text.rgb888_argb8888
                0x26f011d8        0x6 build/lcdc_rgba8888_mxt_a5d29_cu_wvga/debug/_ext/818091002/legato_color_convert.o
 .text.rgba8888_gs8
                0x26f011de        0x2 build/lcdc_rgba8888_mxt_a5d29_cu_wvga/debug/_ext/818091002/legato_color_convert.o
 .text.rgba8888_rgb332
                0x26f011e0       0x16 build/lcdc_rgba8888_mxt_a5d29_cu_wvga/debug/_ext/818091002/legato_color_convert.o
 .text.rgba8888_rgb565
                0x26f011f6       0x16 build/lcdc_rgba8888_mxt_a5d29_cu_wvga/debug/_ext/818091002/legato_color_convert.o
 .text.rgba8888_rgba5551
                0x26f0120c       0x24 build/lcdc_rgba8888_mxt_a5d29_cu_wvga/debug/_ext/818091002/legato_color_convert.o
 .text.rgba8888_rgb888
                0x26f01230        0x4 build/lcdc_rgba8888_mxt_a5d29_cu_wvga/debug/_ext/818091002/legato_color_convert.o
 .text.rgba8888_argb8888
                0x26f01234        0x6 build/lcdc_rgba8888_mxt_a5d29_cu_wvga/debug/_ext/818091002/legato_color_convert.o
 .text.argb8888_rgba5551
                0x26f0123a       0x24 build/lcdc_rgba8888_mxt_a5d29_cu_wvga/debug/_ext/818091002/legato_color_convert.o
 .text.argb8888_rgb888
                0x26f0125e        0x6 build/lcdc_rgba8888_mxt_a5d29_cu_wvga/debug/_ext/818091002/legato_color_convert.o
 .text.argb8888_rgba8888
                0x26f01264        0x6 build/lcdc_rgba8888_mxt_a5d29_cu_wvga/debug/_ext/818091002/legato_color_convert.o
 .text.rgb565_gs8
                0x26f0126a       0x32 build/lcdc_rgba8888_mxt_a5d29_cu_wvga/debug/_ext/818091002/legato_color_convert.o
 .text.rgb332_gs8
                0x26f0129c       0x32 build/lcdc_rgba8888_mxt_a5d29_cu_wvga/debug/_ext/818091002/legato_color_convert.o
 .text.leColorConvert
                0x26f012ce       0x1a build/lcdc_rgba8888_mxt_a5d29_cu_wvga/debug/_ext/818091002/legato_color_convert.o
                0x26f012ce                leColorConvert
 .text.leUtils_PickFromWidget
                0x26f012e8       0x92 build/lcdc_rgba8888_mxt_a5d29_cu_wvga/debug/_ext/818091002/legato_utils.o
                0x26f012e8                leUtils_PickFromWidget
 .text.leUtils_ClipRectToParent
                0x26f0137a       0x4e build/lcdc_rgba8888_mxt_a5d29_cu_wvga/debug/_ext/818091002/legato_utils.o
                0x26f0137a                leUtils_ClipRectToParent
 .text.leUtils_RectToScreenSpace
                0x26f013c8       0x1e build/lcdc_rgba8888_mxt_a5d29_cu_wvga/debug/_ext/818091002/legato_utils.o
                0x26f013c8                leUtils_RectToScreenSpace
 .text.leUtils_ClipRectToAncestors
                0x26f013e6       0x52 build/lcdc_rgba8888_mxt_a5d29_cu_wvga/debug/_ext/818091002/legato_utils.o
                0x26f013e6                leUtils_ClipRectToAncestors
 .text.leUtils_ArrangeRectangle
                0x26f01438      0x18c build/lcdc_rgba8888_mxt_a5d29_cu_wvga/debug/_ext/818091002/legato_utils.o
                0x26f01438                leUtils_ArrangeRectangle
 .text.leUtils_ArrangeRectangleRelative
                0x26f015c4      0x1fa build/lcdc_rgba8888_mxt_a5d29_cu_wvga/debug/_ext/818091002/legato_utils.o
                0x26f015c4                leUtils_ArrangeRectangleRelative
 .text.leUtils_GetSchemeLookupTable
                0x26f017be       0x38 build/lcdc_rgba8888_mxt_a5d29_cu_wvga/debug/_ext/818091002/legato_utils.o
                0x26f017be                leUtils_GetSchemeLookupTable
 .text.leQueryArcQuadrants
                0x26f017f6       0xaa build/lcdc_rgba8888_mxt_a5d29_cu_wvga/debug/_ext/818091002/legato_math.o
 .text.leNormalizeAngle
                0x26f018a0       0x1c build/lcdc_rgba8888_mxt_a5d29_cu_wvga/debug/_ext/818091002/legato_math.o
                0x26f018a0                leNormalizeAngle
 .text.leSin    0x26f018bc       0x50 build/lcdc_rgba8888_mxt_a5d29_cu_wvga/debug/_ext/818091002/legato_math.o
                0x26f018bc                leSin
 .text.leCos    0x26f0190c       0x5a build/lcdc_rgba8888_mxt_a5d29_cu_wvga/debug/_ext/818091002/legato_math.o
                0x26f0190c                leCos
 .text.lePolarToXY
                0x26f01966       0x34 build/lcdc_rgba8888_mxt_a5d29_cu_wvga/debug/_ext/818091002/legato_math.o
                0x26f01966                lePolarToXY
 .text.leMini   0x26f0199a        0x8 build/lcdc_rgba8888_mxt_a5d29_cu_wvga/debug/_ext/818091002/legato_math.o
                0x26f0199a                leMini
 .text.leMaxi   0x26f019a2        0x8 build/lcdc_rgba8888_mxt_a5d29_cu_wvga/debug/_ext/818091002/legato_math.o
                0x26f019a2                leMaxi
 .text.leClampi
                0x26f019aa        0xe build/lcdc_rgba8888_mxt_a5d29_cu_wvga/debug/_ext/818091002/legato_math.o
                0x26f019aa                leClampi
 .text.lePercent
                0x26f019b8       0x10 build/lcdc_rgba8888_mxt_a5d29_cu_wvga/debug/_ext/818091002/legato_math.o
                0x26f019b8                lePercent
 .text.lePercentWholeRounded
                0x26f019c8       0x2e build/lcdc_rgba8888_mxt_a5d29_cu_wvga/debug/_ext/818091002/legato_math.o
                0x26f019c8                lePercentWholeRounded
 .text.lePercentOf
                0x26f019f6       0x48 build/lcdc_rgba8888_mxt_a5d29_cu_wvga/debug/_ext/818091002/legato_math.o
                0x26f019f6                lePercentOf
 .text.leScaleInteger
                0x26f01a3e       0x2a build/lcdc_rgba8888_mxt_a5d29_cu_wvga/debug/_ext/818091002/legato_math.o
                0x26f01a3e                leScaleInteger
 .text.leLerp   0x26f01a68       0x36 build/lcdc_rgba8888_mxt_a5d29_cu_wvga/debug/_ext/818091002/legato_math.o
                0x26f01a68                leLerp
 .text.lePointOnLineSide
                0x26f01a9e       0x42 build/lcdc_rgba8888_mxt_a5d29_cu_wvga/debug/_ext/818091002/legato_math.o
                0x26f01a9e                lePointOnLineSide
 .text.leRotatePoint
                0x26f01ae0       0x78 build/lcdc_rgba8888_mxt_a5d29_cu_wvga/debug/_ext/818091002/legato_math.o
                0x26f01ae0                leRotatePoint
 .text.leRotatedRectBounds
                0x26f01b58       0xda build/lcdc_rgba8888_mxt_a5d29_cu_wvga/debug/_ext/818091002/legato_math.o
                0x26f01b58                leRotatedRectBounds
 .text.leSqrt   0x26f01c32       0x32 build/lcdc_rgba8888_mxt_a5d29_cu_wvga/debug/_ext/818091002/legato_math.o
                0x26f01c32                leSqrt
 .text.lePointOnCircle
                0x26f01c64       0x22 build/lcdc_rgba8888_mxt_a5d29_cu_wvga/debug/_ext/818091002/legato_math.o
                0x26f01c64                lePointOnCircle
 .text.leResolveAngles
                0x26f01c86      0x1ae build/lcdc_rgba8888_mxt_a5d29_cu_wvga/debug/_ext/818091002/legato_math.o
                0x26f01c86                leResolveAngles
 .text.leRound  0x26f01e34       0x52 build/lcdc_rgba8888_mxt_a5d29_cu_wvga/debug/_ext/818091002/legato_math.o
                0x26f01e34                leRound
 .text.lerp_argb8888
                0x26f01e86       0x4c build/lcdc_rgba8888_mxt_a5d29_cu_wvga/debug/_ext/818091002/legato_color_lerp.o
 .text.lerp_rgba8888
                0x26f01ed2       0x4c build/lcdc_rgba8888_mxt_a5d29_cu_wvga/debug/_ext/818091002/legato_color_lerp.o
 .text.lerp_rgb888
                0x26f01f1e       0x38 build/lcdc_rgba8888_mxt_a5d29_cu_wvga/debug/_ext/818091002/legato_color_lerp.o
 .text.lerp_rgba5551
                0x26f01f56       0x4a build/lcdc_rgba8888_mxt_a5d29_cu_wvga/debug/_ext/818091002/legato_color_lerp.o
 .text.lerp_rgb565
                0x26f01fa0       0x3c build/lcdc_rgba8888_mxt_a5d29_cu_wvga/debug/_ext/818091002/legato_color_lerp.o
 .text.lerp_rgb332
                0x26f01fdc       0x3c build/lcdc_rgba8888_mxt_a5d29_cu_wvga/debug/_ext/818091002/legato_color_lerp.o
 .text.lerp_gs8
                0x26f02018        0x8 build/lcdc_rgba8888_mxt_a5d29_cu_wvga/debug/_ext/818091002/legato_color_lerp.o
 .text.leColorLerp
                0x26f02020       0x24 build/lcdc_rgba8888_mxt_a5d29_cu_wvga/debug/_ext/818091002/legato_color_lerp.o
                0x26f02020                leColorLerp
 .text.leColorBilerp
                0x26f02044       0x3c build/lcdc_rgba8888_mxt_a5d29_cu_wvga/debug/_ext/818091002/legato_color_lerp.o
                0x26f02044                leColorBilerp
 .text.leColorBlend_RGBA_8888
                0x26f02080       0xf4 build/lcdc_rgba8888_mxt_a5d29_cu_wvga/debug/_ext/818091002/legato_color_blend.o
                0x26f02080                leColorBlend_RGBA_8888
 .text.leColorBlend_ARGB_8888
                0x26f02174       0xf0 build/lcdc_rgba8888_mxt_a5d29_cu_wvga/debug/_ext/818091002/legato_color_blend.o
                0x26f02174                leColorBlend_ARGB_8888
 .text.leEvent_Init
                0x26f02264       0x16 build/lcdc_rgba8888_mxt_a5d29_cu_wvga/debug/_ext/25964178/legato_event.o
                0x26f02264                leEvent_Init
 .text.leEvent_ProcessEvents
                0x26f0227a       0x68 build/lcdc_rgba8888_mxt_a5d29_cu_wvga/debug/_ext/25964178/legato_event.o
                0x26f0227a                leEvent_ProcessEvents
 .text.leWidgetEvent_Accept
                0x26f022e2        0xa build/lcdc_rgba8888_mxt_a5d29_cu_wvga/debug/_ext/25964178/legato_event.o
                0x26f022e2                leWidgetEvent_Accept
 .text.leInput_Init
                0x26f022ec       0x24 build/lcdc_rgba8888_mxt_a5d29_cu_wvga/debug/_ext/25964178/legato_input.o
                0x26f022ec                leInput_Init
 .text.handleTouchDown
                0x26f02310       0xc0 build/lcdc_rgba8888_mxt_a5d29_cu_wvga/debug/_ext/25964178/legato_input.o
                0x26f02310                handleTouchDown
 .text.handleTouchUp
                0x26f023d0       0x44 build/lcdc_rgba8888_mxt_a5d29_cu_wvga/debug/_ext/25964178/legato_input.o
                0x26f023d0                handleTouchUp
 .text.handleTouchMoved
                0x26f02414       0x44 build/lcdc_rgba8888_mxt_a5d29_cu_wvga/debug/_ext/25964178/legato_input.o
                0x26f02414                handleTouchMoved
 .text._leInput_HandleInputEvent
                0x26f02458       0x26 build/lcdc_rgba8888_mxt_a5d29_cu_wvga/debug/_ext/25964178/legato_input.o
                0x26f02458                _leInput_HandleInputEvent
 .text.updateWidget
                0x26f0247e       0x2a build/lcdc_rgba8888_mxt_a5d29_cu_wvga/debug/_ext/25964178/legato_state.o
 .text.leGetState
                0x26f024a8        0xa build/lcdc_rgba8888_mxt_a5d29_cu_wvga/debug/_ext/25964178/legato_state.o
                0x26f024a8                leGetState
 *fill*         0x26f024b2        0x2 
 .text.leAddLayer
                0x26f024b4       0x7c build/lcdc_rgba8888_mxt_a5d29_cu_wvga/debug/_ext/25964178/legato_state.o
                0x26f024b4                leAddLayer
 .text.leInitialize
                0x26f02530       0x7c build/lcdc_rgba8888_mxt_a5d29_cu_wvga/debug/_ext/25964178/legato_state.o
                0x26f02530                leInitialize
 .text.leGetLayerState
                0x26f025ac       0x34 build/lcdc_rgba8888_mxt_a5d29_cu_wvga/debug/_ext/25964178/legato_state.o
                0x26f025ac                leGetLayerState
 .text.leGetLayerColorMode
                0x26f025e0       0x38 build/lcdc_rgba8888_mxt_a5d29_cu_wvga/debug/_ext/25964178/legato_state.o
                0x26f025e0                leGetLayerColorMode
 .text.leGetLayerRenderHorizontal
                0x26f02618       0x38 build/lcdc_rgba8888_mxt_a5d29_cu_wvga/debug/_ext/25964178/legato_state.o
                0x26f02618                leGetLayerRenderHorizontal
 .text.leGetFocusWidget
                0x26f02650        0xe build/lcdc_rgba8888_mxt_a5d29_cu_wvga/debug/_ext/25964178/legato_state.o
                0x26f02650                leGetFocusWidget
 .text.leSetFocusWidget
                0x26f0265e       0x54 build/lcdc_rgba8888_mxt_a5d29_cu_wvga/debug/_ext/25964178/legato_state.o
                0x26f0265e                leSetFocusWidget
 .text.leGetEditWidget
                0x26f026b2        0xe build/lcdc_rgba8888_mxt_a5d29_cu_wvga/debug/_ext/25964178/legato_state.o
                0x26f026b2                leGetEditWidget
 .text.leSetEditWidget
                0x26f026c0       0x5a build/lcdc_rgba8888_mxt_a5d29_cu_wvga/debug/_ext/25964178/legato_state.o
                0x26f026c0                leSetEditWidget
 .text.leRedrawAll
                0x26f0271a       0x3c build/lcdc_rgba8888_mxt_a5d29_cu_wvga/debug/_ext/25964178/legato_state.o
                0x26f0271a                leRedrawAll
 *fill*         0x26f02756        0x2 
 .text.leSetLayerColorMode
                0x26f02758       0x54 build/lcdc_rgba8888_mxt_a5d29_cu_wvga/debug/_ext/25964178/legato_state.o
                0x26f02758                leSetLayerColorMode
 .text.leSetStringTable
                0x26f027ac       0x12 build/lcdc_rgba8888_mxt_a5d29_cu_wvga/debug/_ext/25964178/legato_state.o
                0x26f027ac                leSetStringTable
 .text.leIsDrawing
                0x26f027be        0xe build/lcdc_rgba8888_mxt_a5d29_cu_wvga/debug/_ext/25964178/legato_state.o
                0x26f027be                leIsDrawing
 .text.leUpdate
                0x26f027cc       0xba build/lcdc_rgba8888_mxt_a5d29_cu_wvga/debug/_ext/25964178/legato_state.o
                0x26f027cc                leUpdate
 *fill*         0x26f02886        0x2 
 .text.leAddRootWidget
                0x26f02888       0x48 build/lcdc_rgba8888_mxt_a5d29_cu_wvga/debug/_ext/25964178/legato_state.o
                0x26f02888                leAddRootWidget
 .text.leRemoveRootWidget
                0x26f028d0       0x48 build/lcdc_rgba8888_mxt_a5d29_cu_wvga/debug/_ext/25964178/legato_state.o
                0x26f028d0                leRemoveRootWidget
 .text.leGetWidgetLayer
                0x26f02918       0x5a build/lcdc_rgba8888_mxt_a5d29_cu_wvga/debug/_ext/25964178/legato_state.o
                0x26f02918                leGetWidgetLayer
 .text.leWidgetIsInScene
                0x26f02972        0xc build/lcdc_rgba8888_mxt_a5d29_cu_wvga/debug/_ext/25964178/legato_state.o
                0x26f02972                leWidgetIsInScene
 .text.leScheme_GetRenderColor
                0x26f0297e       0x2c build/lcdc_rgba8888_mxt_a5d29_cu_wvga/debug/_ext/25964178/legato_scheme.o
                0x26f0297e                leScheme_GetRenderColor
 .text._shuffleLeft
                0x26f029aa       0x5a build/lcdc_rgba8888_mxt_a5d29_cu_wvga/debug/_ext/1675801626/legato_rectarray.o
 .text.leRectArray_Create
                0x26f02a04       0x14 build/lcdc_rgba8888_mxt_a5d29_cu_wvga/debug/_ext/1675801626/legato_rectarray.o
                0x26f02a04                leRectArray_Create
 .text.leRectArray_Resize
                0x26f02a18       0x44 build/lcdc_rgba8888_mxt_a5d29_cu_wvga/debug/_ext/1675801626/legato_rectarray.o
                0x26f02a18                leRectArray_Resize
 .text.leRectArray_PushBack
                0x26f02a5c       0x48 build/lcdc_rgba8888_mxt_a5d29_cu_wvga/debug/_ext/1675801626/legato_rectarray.o
                0x26f02a5c                leRectArray_PushBack
 .text.leRectArray_RemoveAt
                0x26f02aa4       0x26 build/lcdc_rgba8888_mxt_a5d29_cu_wvga/debug/_ext/1675801626/legato_rectarray.o
                0x26f02aa4                leRectArray_RemoveAt
 .text.leRectArray_Copy
                0x26f02aca       0x44 build/lcdc_rgba8888_mxt_a5d29_cu_wvga/debug/_ext/1675801626/legato_rectarray.o
                0x26f02aca                leRectArray_Copy
 .text.leRectArray_Clear
                0x26f02b0e       0x10 build/lcdc_rgba8888_mxt_a5d29_cu_wvga/debug/_ext/1675801626/legato_rectarray.o
                0x26f02b0e                leRectArray_Clear
 .text.leRectArray_Destroy
                0x26f02b1e       0x20 build/lcdc_rgba8888_mxt_a5d29_cu_wvga/debug/_ext/1675801626/legato_rectarray.o
                0x26f02b1e                leRectArray_Destroy
 .text.leRectArray_RemoveDuplicates
                0x26f02b3e       0x58 build/lcdc_rgba8888_mxt_a5d29_cu_wvga/debug/_ext/1675801626/legato_rectarray.o
                0x26f02b3e                leRectArray_RemoveDuplicates
 .text.leRectArray_SortBySize
                0x26f02b96       0x8a build/lcdc_rgba8888_mxt_a5d29_cu_wvga/debug/_ext/1675801626/legato_rectarray.o
                0x26f02b96                leRectArray_SortBySize
 .text.leRectArray_SortByX
                0x26f02c20       0xa2 build/lcdc_rgba8888_mxt_a5d29_cu_wvga/debug/_ext/1675801626/legato_rectarray.o
                0x26f02c20                leRectArray_SortByX
 .text.leRectArray_SortByY
                0x26f02cc2       0xa0 build/lcdc_rgba8888_mxt_a5d29_cu_wvga/debug/_ext/1675801626/legato_rectarray.o
                0x26f02cc2                leRectArray_SortByY
 .text.leRectArray_MergeSimilar
                0x26f02d62       0x5c build/lcdc_rgba8888_mxt_a5d29_cu_wvga/debug/_ext/1675801626/legato_rectarray.o
                0x26f02d62                leRectArray_MergeSimilar
 .text.leRectArray_RemoveOverlapping
                0x26f02dbe       0x52 build/lcdc_rgba8888_mxt_a5d29_cu_wvga/debug/_ext/1675801626/legato_rectarray.o
                0x26f02dbe                leRectArray_RemoveOverlapping
 .text.leRectArray_PadRectangleWidth
                0x26f02e10       0xb0 build/lcdc_rgba8888_mxt_a5d29_cu_wvga/debug/_ext/1675801626/legato_rectarray.o
                0x26f02e10                leRectArray_PadRectangleWidth
 .text.leRectArray_CropToSizeY
                0x26f02ec0       0xb8 build/lcdc_rgba8888_mxt_a5d29_cu_wvga/debug/_ext/1675801626/legato_rectarray.o
                0x26f02ec0                leRectArray_CropToSizeY
 .text.leRectArray_CropToSizeX
                0x26f02f78       0xb8 build/lcdc_rgba8888_mxt_a5d29_cu_wvga/debug/_ext/1675801626/legato_rectarray.o
                0x26f02f78                leRectArray_CropToSizeX
 .text.leList_Create
                0x26f03030       0x14 build/lcdc_rgba8888_mxt_a5d29_cu_wvga/debug/_ext/1675801626/legato_list.o
                0x26f03030                leList_Create
 .text.leList_PushBack
                0x26f03044       0x3c build/lcdc_rgba8888_mxt_a5d29_cu_wvga/debug/_ext/1675801626/legato_list.o
                0x26f03044                leList_PushBack
 .text.leList_Get
                0x26f03080       0x1e build/lcdc_rgba8888_mxt_a5d29_cu_wvga/debug/_ext/1675801626/legato_list.o
                0x26f03080                leList_Get
 .text.leList_Remove
                0x26f0309e       0x68 build/lcdc_rgba8888_mxt_a5d29_cu_wvga/debug/_ext/1675801626/legato_list.o
                0x26f0309e                leList_Remove
 .text.leList_Destroy
                0x26f03106       0x2a build/lcdc_rgba8888_mxt_a5d29_cu_wvga/debug/_ext/1675801626/legato_list.o
                0x26f03106                leList_Destroy
 .text._shuffleRight
                0x26f03130       0x48 build/lcdc_rgba8888_mxt_a5d29_cu_wvga/debug/_ext/1675801626/legato_array.o
 .text._shuffleLeft
                0x26f03178       0x3e build/lcdc_rgba8888_mxt_a5d29_cu_wvga/debug/_ext/1675801626/legato_array.o
 .text.leArray_Create
                0x26f031b6       0x14 build/lcdc_rgba8888_mxt_a5d29_cu_wvga/debug/_ext/1675801626/legato_array.o
                0x26f031b6                leArray_Create
 .text.leArray_Resize
                0x26f031ca       0x3e build/lcdc_rgba8888_mxt_a5d29_cu_wvga/debug/_ext/1675801626/legato_array.o
                0x26f031ca                leArray_Resize
 .text.leArray_PushBack
                0x26f03208       0x36 build/lcdc_rgba8888_mxt_a5d29_cu_wvga/debug/_ext/1675801626/legato_array.o
                0x26f03208                leArray_PushBack
 .text.leArray_InsertAt
                0x26f0323e       0x56 build/lcdc_rgba8888_mxt_a5d29_cu_wvga/debug/_ext/1675801626/legato_array.o
                0x26f0323e                leArray_InsertAt
 .text.leArray_RemoveAt
                0x26f03294       0x26 build/lcdc_rgba8888_mxt_a5d29_cu_wvga/debug/_ext/1675801626/legato_array.o
                0x26f03294                leArray_RemoveAt
 .text.leArray_Get
                0x26f032ba       0x12 build/lcdc_rgba8888_mxt_a5d29_cu_wvga/debug/_ext/1675801626/legato_array.o
                0x26f032ba                leArray_Get
 .text.leArray_Find
                0x26f032cc       0x44 build/lcdc_rgba8888_mxt_a5d29_cu_wvga/debug/_ext/1675801626/legato_array.o
                0x26f032cc                leArray_Find
 .text.leArray_Remove
                0x26f03310       0x3a build/lcdc_rgba8888_mxt_a5d29_cu_wvga/debug/_ext/1675801626/legato_array.o
                0x26f03310                leArray_Remove
 .text.leArray_Clear
                0x26f0334a       0x1e build/lcdc_rgba8888_mxt_a5d29_cu_wvga/debug/_ext/1675801626/legato_array.o
                0x26f0334a                leArray_Clear
 .text.drawGlyphRow8bpp
                0x26f03368       0x9a build/lcdc_rgba8888_mxt_a5d29_cu_wvga/debug/_ext/25874914/legato_font.o
 .text.drawGlyphRow1bpp
                0x26f03402       0x86 build/lcdc_rgba8888_mxt_a5d29_cu_wvga/debug/_ext/25874914/legato_font.o
 .text.drawGlyphRow8bppMono
                0x26f03488       0x3a build/lcdc_rgba8888_mxt_a5d29_cu_wvga/debug/_ext/25874914/legato_font.o
 .text.drawGlyphRow1bppMono
                0x26f034c2       0x44 build/lcdc_rgba8888_mxt_a5d29_cu_wvga/debug/_ext/25874914/legato_font.o
 .text._drawUnknownGlyph
                0x26f03506       0xa6 build/lcdc_rgba8888_mxt_a5d29_cu_wvga/debug/_ext/25874914/legato_font.o
 .text.leFont_GetGlyphInfo
                0x26f035ac       0x7a build/lcdc_rgba8888_mxt_a5d29_cu_wvga/debug/_ext/25874914/legato_font.o
                0x26f035ac                leFont_GetGlyphInfo
 .text.leFont_DrawGlyphData
                0x26f03626       0xf2 build/lcdc_rgba8888_mxt_a5d29_cu_wvga/debug/_ext/25874914/legato_font.o
                0x26f03626                leFont_DrawGlyphData
 .text.leFont_DrawGlyphData_Lookup
                0x26f03718      0x210 build/lcdc_rgba8888_mxt_a5d29_cu_wvga/debug/_ext/25874914/legato_font.o
                0x26f03718                leFont_DrawGlyphData_Lookup
 .text.leFont_DrawGlyph
                0x26f03928       0x5a build/lcdc_rgba8888_mxt_a5d29_cu_wvga/debug/_ext/25874914/legato_font.o
                0x26f03928                leFont_DrawGlyph
 .text.leFont_DrawGlyph_Lookup
                0x26f03982       0x5e build/lcdc_rgba8888_mxt_a5d29_cu_wvga/debug/_ext/25874914/legato_font.o
                0x26f03982                leFont_DrawGlyph_Lookup
 .text.screenInit_Screen0
                0x26f039e0       0x24 build/lcdc_rgba8888_mxt_a5d29_cu_wvga/debug/_ext/151528389/le_gen_screen_Screen0.o
                0x26f039e0                screenInit_Screen0
 .text.screenShow_Screen0
                0x26f03a04      0x300 build/lcdc_rgba8888_mxt_a5d29_cu_wvga/debug/_ext/151528389/le_gen_screen_Screen0.o
                0x26f03a04                screenShow_Screen0
 .text.screenUpdate_Screen0
                0x26f03d04       0x1c build/lcdc_rgba8888_mxt_a5d29_cu_wvga/debug/_ext/151528389/le_gen_screen_Screen0.o
                0x26f03d04                screenUpdate_Screen0
 .text.screenHide_Screen0
                0x26f03d20       0x6e build/lcdc_rgba8888_mxt_a5d29_cu_wvga/debug/_ext/151528389/le_gen_screen_Screen0.o
                0x26f03d20                screenHide_Screen0
 .text.initializeStrings
                0x26f03d8e       0x2e build/lcdc_rgba8888_mxt_a5d29_cu_wvga/debug/_ext/417513184/le_gen_stringtable.o
                0x26f03d8e                initializeStrings
 .text.Legato_Initialize
                0x26f03dbc       0x4c build/lcdc_rgba8888_mxt_a5d29_cu_wvga/debug/_ext/417513184/le_gen_harmony.o
                0x26f03dbc                Legato_Initialize
 .text.Legato_Tasks
                0x26f03e08       0x2e build/lcdc_rgba8888_mxt_a5d29_cu_wvga/debug/_ext/417513184/le_gen_harmony.o
                0x26f03e08                Legato_Tasks
 .text.legato_showScreen
                0x26f03e36       0x1a build/lcdc_rgba8888_mxt_a5d29_cu_wvga/debug/_ext/417513184/le_gen_init.o
                0x26f03e36                legato_showScreen
 .text.legato_initializeScreenState
                0x26f03e50       0x36 build/lcdc_rgba8888_mxt_a5d29_cu_wvga/debug/_ext/417513184/le_gen_init.o
                0x26f03e50                legato_initializeScreenState
 .text.legato_updateScreenState
                0x26f03e86       0x70 build/lcdc_rgba8888_mxt_a5d29_cu_wvga/debug/_ext/417513184/le_gen_init.o
                0x26f03e86                legato_updateScreenState
 .text._supportsImage
                0x26f03ef6       0x14 build/lcdc_rgba8888_mxt_a5d29_cu_wvga/debug/_ext/1851100373/legato_imagedecoder_jpeg.o
 .text.internalMemoryRead
                0x26f03f0a       0x2a build/lcdc_rgba8888_mxt_a5d29_cu_wvga/debug/_ext/1851100373/legato_imagedecoder_jpeg.o
 .text.exec     0x26f03f34        0x4 build/lcdc_rgba8888_mxt_a5d29_cu_wvga/debug/_ext/1851100373/legato_imagedecoder_jpeg.o
 .text._render  0x26f03f38      0x1aa build/lcdc_rgba8888_mxt_a5d29_cu_wvga/debug/_ext/1851100373/legato_imagedecoder_jpeg.o
 .text._draw    0x26f040e2      0x1be build/lcdc_rgba8888_mxt_a5d29_cu_wvga/debug/_ext/1851100373/legato_imagedecoder_jpeg.o
 .text.blitToImage
                0x26f042a0       0x6c build/lcdc_rgba8888_mxt_a5d29_cu_wvga/debug/_ext/1851100373/legato_imagedecoder_jpeg.o
 .text.blitToFrameBuffer
                0x26f0430c       0x64 build/lcdc_rgba8888_mxt_a5d29_cu_wvga/debug/_ext/1851100373/legato_imagedecoder_jpeg.o
 .text._leJPEGImageDecoder_Init
                0x26f04370       0x42 build/lcdc_rgba8888_mxt_a5d29_cu_wvga/debug/_ext/1851100373/legato_imagedecoder_jpeg.o
                0x26f04370                _leJPEGImageDecoder_Init
 .text.JPEG_wReadWord
                0x26f043b2       0x32 build/lcdc_rgba8888_mxt_a5d29_cu_wvga/debug/_ext/1851100373/legato_imagedecoder_jpeg_common.o
 .text.JPEG_bReadByte
                0x26f043e4       0x1a build/lcdc_rgba8888_mxt_a5d29_cu_wvga/debug/_ext/1851100373/legato_imagedecoder_jpeg_common.o
 .text.JPEG_bGet1Bit
                0x26f043fe       0xc6 build/lcdc_rgba8888_mxt_a5d29_cu_wvga/debug/_ext/1851100373/legato_imagedecoder_jpeg_common.o
 .text.JPEG_wGetBits
                0x26f044c4       0x30 build/lcdc_rgba8888_mxt_a5d29_cu_wvga/debug/_ext/1851100373/legato_imagedecoder_jpeg_common.o
 .text.JPEG_sGetBitsValue
                0x26f044f4       0x2a build/lcdc_rgba8888_mxt_a5d29_cu_wvga/debug/_ext/1851100373/legato_imagedecoder_jpeg_common.o
 .text.JPEG_bGetNextHuffByte
                0x26f0451e       0x50 build/lcdc_rgba8888_mxt_a5d29_cu_wvga/debug/_ext/1851100373/legato_imagedecoder_jpeg_common.o
 .text.JPEG_vResetDecoder
                0x26f0456e       0x12 build/lcdc_rgba8888_mxt_a5d29_cu_wvga/debug/_ext/1851100373/legato_imagedecoder_jpeg_common.o
                0x26f0456e                JPEG_vResetDecoder
 .text.JPEG_bReadHeader
                0x26f04580      0x56c build/lcdc_rgba8888_mxt_a5d29_cu_wvga/debug/_ext/1851100373/legato_imagedecoder_jpeg_common.o
                0x26f04580                JPEG_bReadHeader
 .text.JPEG_bGenerateHuffmanTables
                0x26f04aec       0x5c build/lcdc_rgba8888_mxt_a5d29_cu_wvga/debug/_ext/1851100373/legato_imagedecoder_jpeg_common.o
                0x26f04aec                JPEG_bGenerateHuffmanTables
 .text.JPEG_bDecodeOneBlock
                0x26f04b48      0x1a4 build/lcdc_rgba8888_mxt_a5d29_cu_wvga/debug/_ext/1851100373/legato_imagedecoder_jpeg_common.o
                0x26f04b48                JPEG_bDecodeOneBlock
 .text.JPEG_vInitDisplay
                0x26f04cec        0xc build/lcdc_rgba8888_mxt_a5d29_cu_wvga/debug/_ext/1851100373/legato_imagedecoder_jpeg_common.o
                0x26f04cec                JPEG_vInitDisplay
 .text.JPEG_bPaintOneBlock
                0x26f04cf8      0x778 build/lcdc_rgba8888_mxt_a5d29_cu_wvga/debug/_ext/1851100373/legato_imagedecoder_jpeg_common.o
                0x26f04cf8                JPEG_bPaintOneBlock
 .text.jpeg_idct_islow_leg
                0x26f05470      0x43e build/lcdc_rgba8888_mxt_a5d29_cu_wvga/debug/_ext/1851100373/jidctint.o
                0x26f05470                jpeg_idct_islow_leg
 .text.stage_decode
                0x26f058ae       0x26 build/lcdc_rgba8888_mxt_a5d29_cu_wvga/debug/_ext/1851011674/legato_imagedecoder_mono_read_internal.o
 .text._leMonoImageDecoder_ReadStage_Internal
                0x26f058d4       0x22 build/lcdc_rgba8888_mxt_a5d29_cu_wvga/debug/_ext/1851011674/legato_imagedecoder_mono_read_internal.o
                0x26f058d4                _leMonoImageDecoder_ReadStage_Internal
 .text._supportsImage
                0x26f058f6        0xc build/lcdc_rgba8888_mxt_a5d29_cu_wvga/debug/_ext/1851011674/legato_imagedecoder_mono.o
 .text._decoderCleanup
                0x26f05902       0x40 build/lcdc_rgba8888_mxt_a5d29_cu_wvga/debug/_ext/1851011674/legato_imagedecoder_mono.o
 .text._decoderExec
                0x26f05942       0x5c build/lcdc_rgba8888_mxt_a5d29_cu_wvga/debug/_ext/1851011674/legato_imagedecoder_mono.o
 .text._decoderIsDone
                0x26f0599e        0xe build/lcdc_rgba8888_mxt_a5d29_cu_wvga/debug/_ext/1851011674/legato_imagedecoder_mono.o
 .text.stage_sourceIterateSetup
                0x26f059ac       0x72 build/lcdc_rgba8888_mxt_a5d29_cu_wvga/debug/_ext/1851011674/legato_imagedecoder_mono.o
 .text.stage_FrameBufferWrite
                0x26f05a1e       0x12 build/lcdc_rgba8888_mxt_a5d29_cu_wvga/debug/_ext/1851011674/legato_imagedecoder_mono.o
 .text.stage_ImageWrite
                0x26f05a30       0x16 build/lcdc_rgba8888_mxt_a5d29_cu_wvga/debug/_ext/1851011674/legato_imagedecoder_mono.o
 .text._leMonoImageDecoder_Init
                0x26f05a46       0x72 build/lcdc_rgba8888_mxt_a5d29_cu_wvga/debug/_ext/1851011674/legato_imagedecoder_mono.o
                0x26f05a46                _leMonoImageDecoder_Init
 .text._leMonoImageDecoder_InjectStage
                0x26f05ab8       0x2e build/lcdc_rgba8888_mxt_a5d29_cu_wvga/debug/_ext/1851011674/legato_imagedecoder_mono.o
                0x26f05ab8                _leMonoImageDecoder_InjectStage
 .text._leMonoImageDecoder_SourceIterateSetupStage
                0x26f05ae6       0x26 build/lcdc_rgba8888_mxt_a5d29_cu_wvga/debug/_ext/1851011674/legato_imagedecoder_mono.o
                0x26f05ae6                _leMonoImageDecoder_SourceIterateSetupStage
 .text._leMonoImageDecoder_FrameBufferWriteStage
                0x26f05b0c       0x22 build/lcdc_rgba8888_mxt_a5d29_cu_wvga/debug/_ext/1851011674/legato_imagedecoder_mono.o
                0x26f05b0c                _leMonoImageDecoder_FrameBufferWriteStage
 .text._draw    0x26f05b2e      0x10e build/lcdc_rgba8888_mxt_a5d29_cu_wvga/debug/_ext/1851011674/legato_imagedecoder_mono.o
 .text._leMonoImageDecoder_ImageWriteStage
                0x26f05c3c       0x22 build/lcdc_rgba8888_mxt_a5d29_cu_wvga/debug/_ext/1851011674/legato_imagedecoder_mono.o
                0x26f05c3c                _leMonoImageDecoder_ImageWriteStage
 .text._copy    0x26f05c5e      0x132 build/lcdc_rgba8888_mxt_a5d29_cu_wvga/debug/_ext/1851011674/legato_imagedecoder_mono.o
 .text._supportsImage
                0x26f05d90       0x14 build/lcdc_rgba8888_mxt_a5d29_cu_wvga/debug/_ext/1583727866/legato_imagedecoder_png.o
 .text._decoderCleanup
                0x26f05da4        0x2 build/lcdc_rgba8888_mxt_a5d29_cu_wvga/debug/_ext/1583727866/legato_imagedecoder_png.o
 .text._decoderExec
                0x26f05da6        0x4 build/lcdc_rgba8888_mxt_a5d29_cu_wvga/debug/_ext/1583727866/legato_imagedecoder_png.o
 .text._decoderIsDone
                0x26f05daa        0x4 build/lcdc_rgba8888_mxt_a5d29_cu_wvga/debug/_ext/1583727866/legato_imagedecoder_png.o
 .text._render  0x26f05dae       0x9c build/lcdc_rgba8888_mxt_a5d29_cu_wvga/debug/_ext/1583727866/legato_imagedecoder_png.o
 .text._draw    0x26f05e4a      0x156 build/lcdc_rgba8888_mxt_a5d29_cu_wvga/debug/_ext/1583727866/legato_imagedecoder_png.o
 .text._lePNGImageDecoder_Init
                0x26f05fa0       0x52 build/lcdc_rgba8888_mxt_a5d29_cu_wvga/debug/_ext/1583727866/legato_imagedecoder_png.o
                0x26f05fa0                _lePNGImageDecoder_Init
 .text.readBitsFromStream
                0x26f05ff2       0x32 build/lcdc_rgba8888_mxt_a5d29_cu_wvga/debug/_ext/1583727866/lodepng.o
 .text.huffmanDecodeSymbol
                0x26f06024       0x42 build/lcdc_rgba8888_mxt_a5d29_cu_wvga/debug/_ext/1583727866/lodepng.o
 .text.readBitFromReversedStream
                0x26f06066       0x18 build/lcdc_rgba8888_mxt_a5d29_cu_wvga/debug/_ext/1583727866/lodepng.o
 .text.readBitsFromReversedStream
                0x26f0607e       0x2a build/lcdc_rgba8888_mxt_a5d29_cu_wvga/debug/_ext/1583727866/lodepng.o
 .text.getNumColorChannels
                0x26f060a8       0x24 build/lcdc_rgba8888_mxt_a5d29_cu_wvga/debug/_ext/1583727866/lodepng.o
 .text.lodepng_color_mode_equal
                0x26f060cc       0x92 build/lcdc_rgba8888_mxt_a5d29_cu_wvga/debug/_ext/1583727866/lodepng.o
 .text.addColorBits
                0x26f0615e       0x46 build/lcdc_rgba8888_mxt_a5d29_cu_wvga/debug/_ext/1583727866/lodepng.o
 .text.getPixelColorsRGBA8
                0x26f061a4      0x322 build/lcdc_rgba8888_mxt_a5d29_cu_wvga/debug/_ext/1583727866/lodepng.o
 *fill*         0x26f064c6        0x2 
 .text.Adam7_getpassvalues
                0x26f064c8      0x10c build/lcdc_rgba8888_mxt_a5d29_cu_wvga/debug/_ext/1583727866/lodepng.o
 .text.unfilter
                0x26f065d4      0x2bc build/lcdc_rgba8888_mxt_a5d29_cu_wvga/debug/_ext/1583727866/lodepng.o
 .text.removePaddingBits
                0x26f06890       0x82 build/lcdc_rgba8888_mxt_a5d29_cu_wvga/debug/_ext/1583727866/lodepng.o
 .text.ucvector_reserve
                0x26f06912       0x34 build/lcdc_rgba8888_mxt_a5d29_cu_wvga/debug/_ext/1583727866/lodepng.o
 .text.ucvector_resize
                0x26f06946       0x16 build/lcdc_rgba8888_mxt_a5d29_cu_wvga/debug/_ext/1583727866/lodepng.o
 .text.ucvector_push_back
                0x26f0695c       0x22 build/lcdc_rgba8888_mxt_a5d29_cu_wvga/debug/_ext/1583727866/lodepng.o
 .text.color_tree_cleanup
                0x26f0697e       0x24 build/lcdc_rgba8888_mxt_a5d29_cu_wvga/debug/_ext/1583727866/lodepng.o
 .text.LodePNGIText_cleanup
                0x26f069a2       0x66 build/lcdc_rgba8888_mxt_a5d29_cu_wvga/debug/_ext/1583727866/lodepng.o
 .text.LodePNGText_cleanup
                0x26f06a08       0x3e build/lcdc_rgba8888_mxt_a5d29_cu_wvga/debug/_ext/1583727866/lodepng.o
 .text.HuffmanTree_cleanup
                0x26f06a46       0x18 build/lcdc_rgba8888_mxt_a5d29_cu_wvga/debug/_ext/1583727866/lodepng.o
 .text.string_set
                0x26f06a5e       0x38 build/lcdc_rgba8888_mxt_a5d29_cu_wvga/debug/_ext/1583727866/lodepng.o
 .text.string_init
                0x26f06a96       0x18 build/lcdc_rgba8888_mxt_a5d29_cu_wvga/debug/_ext/1583727866/lodepng.o
 .text.uivector_reserve
                0x26f06aae       0x34 build/lcdc_rgba8888_mxt_a5d29_cu_wvga/debug/_ext/1583727866/lodepng.o
 .text.HuffmanTree_makeFromLengths
                0x26f06ae2      0x292 build/lcdc_rgba8888_mxt_a5d29_cu_wvga/debug/_ext/1583727866/lodepng.o
 .text.lodepng_read32bitInt
                0x26f06d74       0x16 build/lcdc_rgba8888_mxt_a5d29_cu_wvga/debug/_ext/1583727866/lodepng.o
                0x26f06d74                lodepng_read32bitInt
 .text.lodepng_inflate
                0x26f06d8a      0x61e build/lcdc_rgba8888_mxt_a5d29_cu_wvga/debug/_ext/1583727866/lodepng.o
                0x26f06d8a                lodepng_inflate
 .text.lodepng_zlib_decompress
                0x26f073a8       0xf8 build/lcdc_rgba8888_mxt_a5d29_cu_wvga/debug/_ext/1583727866/lodepng.o
                0x26f073a8                lodepng_zlib_decompress
 .text.zlib_decompress
                0x26f074a0       0x1a build/lcdc_rgba8888_mxt_a5d29_cu_wvga/debug/_ext/1583727866/lodepng.o
 .text.lodepng_crc32
                0x26f074ba       0x3a build/lcdc_rgba8888_mxt_a5d29_cu_wvga/debug/_ext/1583727866/lodepng.o
                0x26f074ba                lodepng_crc32
 .text.lodepng_chunk_type_equals
                0x26f074f4       0x48 build/lcdc_rgba8888_mxt_a5d29_cu_wvga/debug/_ext/1583727866/lodepng.o
                0x26f074f4                lodepng_chunk_type_equals
 .text.lodepng_chunk_check_crc
                0x26f0753c       0x24 build/lcdc_rgba8888_mxt_a5d29_cu_wvga/debug/_ext/1583727866/lodepng.o
                0x26f0753c                lodepng_chunk_check_crc
 .text.lodepng_chunk_next_const
                0x26f07560        0xe build/lcdc_rgba8888_mxt_a5d29_cu_wvga/debug/_ext/1583727866/lodepng.o
                0x26f07560                lodepng_chunk_next_const
 .text.lodepng_chunk_append
                0x26f0756e       0x6a build/lcdc_rgba8888_mxt_a5d29_cu_wvga/debug/_ext/1583727866/lodepng.o
                0x26f0756e                lodepng_chunk_append
 .text.lodepng_color_mode_init
                0x26f075d8       0x18 build/lcdc_rgba8888_mxt_a5d29_cu_wvga/debug/_ext/1583727866/lodepng.o
                0x26f075d8                lodepng_color_mode_init
 .text.lodepng_palette_clear
                0x26f075f0       0x14 build/lcdc_rgba8888_mxt_a5d29_cu_wvga/debug/_ext/1583727866/lodepng.o
                0x26f075f0                lodepng_palette_clear
 .text.lodepng_color_mode_copy
                0x26f07604       0x56 build/lcdc_rgba8888_mxt_a5d29_cu_wvga/debug/_ext/1583727866/lodepng.o
                0x26f07604                lodepng_color_mode_copy
 .text.lodepng_get_bpp
                0x26f0765a       0x12 build/lcdc_rgba8888_mxt_a5d29_cu_wvga/debug/_ext/1583727866/lodepng.o
                0x26f0765a                lodepng_get_bpp
 .text.lodepng_get_raw_size_idat
                0x26f0766c       0x26 build/lcdc_rgba8888_mxt_a5d29_cu_wvga/debug/_ext/1583727866/lodepng.o
 .text.lodepng_get_raw_size
                0x26f07692       0x26 build/lcdc_rgba8888_mxt_a5d29_cu_wvga/debug/_ext/1583727866/lodepng.o
                0x26f07692                lodepng_get_raw_size
 .text.lodepng_add_text
                0x26f076b8       0x84 build/lcdc_rgba8888_mxt_a5d29_cu_wvga/debug/_ext/1583727866/lodepng.o
                0x26f076b8                lodepng_add_text
 .text.lodepng_add_itext
                0x26f0773c       0xfe build/lcdc_rgba8888_mxt_a5d29_cu_wvga/debug/_ext/1583727866/lodepng.o
                0x26f0773c                lodepng_add_itext
 .text.lodepng_info_init
                0x26f0783a       0x48 build/lcdc_rgba8888_mxt_a5d29_cu_wvga/debug/_ext/1583727866/lodepng.o
                0x26f0783a                lodepng_info_init
 .text.lodepng_info_cleanup
                0x26f07882       0x30 build/lcdc_rgba8888_mxt_a5d29_cu_wvga/debug/_ext/1583727866/lodepng.o
                0x26f07882                lodepng_info_cleanup
 .text.lodepng_convert
                0x26f078b2      0x7c4 build/lcdc_rgba8888_mxt_a5d29_cu_wvga/debug/_ext/1583727866/lodepng.o
                0x26f078b2                lodepng_convert
 .text.lodepng_inspect
                0x26f08076      0x1be build/lcdc_rgba8888_mxt_a5d29_cu_wvga/debug/_ext/1583727866/lodepng.o
                0x26f08076                lodepng_inspect
 .text.lodepng_decode
                0x26f08234      0xf00 build/lcdc_rgba8888_mxt_a5d29_cu_wvga/debug/_ext/1583727866/lodepng.o
                0x26f08234                lodepng_decode
 .text.lodepng_decoder_settings_init
                0x26f09134       0x16 build/lcdc_rgba8888_mxt_a5d29_cu_wvga/debug/_ext/1583727866/lodepng.o
                0x26f09134                lodepng_decoder_settings_init
 .text.lodepng_state_init
                0x26f0914a       0x20 build/lcdc_rgba8888_mxt_a5d29_cu_wvga/debug/_ext/1583727866/lodepng.o
                0x26f0914a                lodepng_state_init
 .text.lodepng_state_cleanup
                0x26f0916a       0x14 build/lcdc_rgba8888_mxt_a5d29_cu_wvga/debug/_ext/1583727866/lodepng.o
                0x26f0916a                lodepng_state_cleanup
 .text.lodepng_decode_memory
                0x26f0917e       0x3e build/lcdc_rgba8888_mxt_a5d29_cu_wvga/debug/_ext/1583727866/lodepng.o
                0x26f0917e                lodepng_decode_memory
 .text.stage_postRead
                0x26f091bc        0xc build/lcdc_rgba8888_mxt_a5d29_cu_wvga/debug/_ext/1583726331/legato_imagedecoder_raw_scale.o
 .text.stage_scaledNearestNeighborPreRead
                0x26f091c8       0x7c build/lcdc_rgba8888_mxt_a5d29_cu_wvga/debug/_ext/1583726331/legato_imagedecoder_raw_scale.o
 .text.stage_bilinearPreRead
                0x26f09244       0xf0 build/lcdc_rgba8888_mxt_a5d29_cu_wvga/debug/_ext/1583726331/legato_imagedecoder_raw_scale.o
 .text.stage_scaledBilinearPostRead
                0x26f09334       0x60 build/lcdc_rgba8888_mxt_a5d29_cu_wvga/debug/_ext/1583726331/legato_imagedecoder_raw_scale.o
 .text._leRawImageDecoder_ScaleNearestNeighborPreReadStage
                0x26f09394       0x48 build/lcdc_rgba8888_mxt_a5d29_cu_wvga/debug/_ext/1583726331/legato_imagedecoder_raw_scale.o
                0x26f09394                _leRawImageDecoder_ScaleNearestNeighborPreReadStage
 .text._leRawImageDecoder_ScaleBilinearPreReadStage
                0x26f093dc       0x4c build/lcdc_rgba8888_mxt_a5d29_cu_wvga/debug/_ext/1583726331/legato_imagedecoder_raw_scale.o
                0x26f093dc                _leRawImageDecoder_ScaleBilinearPreReadStage
 .text._leRawImageDecoder_PostReadStage
                0x26f09428       0x22 build/lcdc_rgba8888_mxt_a5d29_cu_wvga/debug/_ext/1583726331/legato_imagedecoder_raw_scale.o
                0x26f09428                _leRawImageDecoder_PostReadStage
 .text._leRawImageDecoder_ScaleBilinearPostReadStage
                0x26f0944a       0x22 build/lcdc_rgba8888_mxt_a5d29_cu_wvga/debug/_ext/1583726331/legato_imagedecoder_raw_scale.o
                0x26f0944a                _leRawImageDecoder_ScaleBilinearPostReadStage
 .text.stage_sourceIterateSetup
                0x26f0946c       0x74 build/lcdc_rgba8888_mxt_a5d29_cu_wvga/debug/_ext/1583726331/legato_imagedecoder_raw_setup.o
 .text.stage_targetIterateSetup
                0x26f094e0       0x64 build/lcdc_rgba8888_mxt_a5d29_cu_wvga/debug/_ext/1583726331/legato_imagedecoder_raw_setup.o
 .text._leRawImageDecoder_SourceIterateSetupStage
                0x26f09544       0x26 build/lcdc_rgba8888_mxt_a5d29_cu_wvga/debug/_ext/1583726331/legato_imagedecoder_raw_setup.o
                0x26f09544                _leRawImageDecoder_SourceIterateSetupStage
 .text._leRawImageDecoder_TargetIterateSetupStage
                0x26f0956a       0x26 build/lcdc_rgba8888_mxt_a5d29_cu_wvga/debug/_ext/1583726331/legato_imagedecoder_raw_setup.o
                0x26f0956a                _leRawImageDecoder_TargetIterateSetupStage
 .text._supportsImage
                0x26f09590        0xc build/lcdc_rgba8888_mxt_a5d29_cu_wvga/debug/_ext/1583726331/legato_imagedecoder_raw.o
 .text._decoderCleanup
                0x26f0959c       0x40 build/lcdc_rgba8888_mxt_a5d29_cu_wvga/debug/_ext/1583726331/legato_imagedecoder_raw.o
 .text._decoderExec
                0x26f095dc       0x60 build/lcdc_rgba8888_mxt_a5d29_cu_wvga/debug/_ext/1583726331/legato_imagedecoder_raw.o
 .text._decoderIsDone
                0x26f0963c        0xe build/lcdc_rgba8888_mxt_a5d29_cu_wvga/debug/_ext/1583726331/legato_imagedecoder_raw.o
 .text._initReadStage
                0x26f0964a       0x14 build/lcdc_rgba8888_mxt_a5d29_cu_wvga/debug/_ext/1583726331/legato_imagedecoder_raw.o
 .text._initMaskStage
                0x26f0965e       0x16 build/lcdc_rgba8888_mxt_a5d29_cu_wvga/debug/_ext/1583726331/legato_imagedecoder_raw.o
 .text._initBlendStage
                0x26f09674       0x28 build/lcdc_rgba8888_mxt_a5d29_cu_wvga/debug/_ext/1583726331/legato_imagedecoder_raw.o
 .text._initConvertStage
                0x26f0969c       0x26 build/lcdc_rgba8888_mxt_a5d29_cu_wvga/debug/_ext/1583726331/legato_imagedecoder_raw.o
 .text._rotateDraw
                0x26f096c2      0x248 build/lcdc_rgba8888_mxt_a5d29_cu_wvga/debug/_ext/1583726331/legato_imagedecoder_raw.o
 .text._rotate  0x26f0990a      0x290 build/lcdc_rgba8888_mxt_a5d29_cu_wvga/debug/_ext/1583726331/legato_imagedecoder_raw.o
 .text._resizeDraw
                0x26f09b9a      0x212 build/lcdc_rgba8888_mxt_a5d29_cu_wvga/debug/_ext/1583726331/legato_imagedecoder_raw.o
 .text._resize  0x26f09dac      0x1d2 build/lcdc_rgba8888_mxt_a5d29_cu_wvga/debug/_ext/1583726331/legato_imagedecoder_raw.o
 .text._copy    0x26f09f7e      0x158 build/lcdc_rgba8888_mxt_a5d29_cu_wvga/debug/_ext/1583726331/legato_imagedecoder_raw.o
 .text._initLookupStage
                0x26f0a0d6       0x2c build/lcdc_rgba8888_mxt_a5d29_cu_wvga/debug/_ext/1583726331/legato_imagedecoder_raw.o
 .text._render  0x26f0a102      0x1f8 build/lcdc_rgba8888_mxt_a5d29_cu_wvga/debug/_ext/1583726331/legato_imagedecoder_raw.o
 .text._draw    0x26f0a2fa      0x278 build/lcdc_rgba8888_mxt_a5d29_cu_wvga/debug/_ext/1583726331/legato_imagedecoder_raw.o
 .text._leRawImageDecoder_Init
                0x26f0a572       0x98 build/lcdc_rgba8888_mxt_a5d29_cu_wvga/debug/_ext/1583726331/legato_imagedecoder_raw.o
                0x26f0a572                _leRawImageDecoder_Init
 .text._leRawImageDecoder_InjectStage
                0x26f0a60a       0x32 build/lcdc_rgba8888_mxt_a5d29_cu_wvga/debug/_ext/1583726331/legato_imagedecoder_raw.o
                0x26f0a60a                _leRawImageDecoder_InjectStage
 .text.stage_rejectMaskedColor
                0x26f0a63c       0x1c build/lcdc_rgba8888_mxt_a5d29_cu_wvga/debug/_ext/1583726331/legato_imagedecoder_raw_mask.o
 .text._leRawImageDecoder_MaskStage_Internal
                0x26f0a658       0x24 build/lcdc_rgba8888_mxt_a5d29_cu_wvga/debug/_ext/1583726331/legato_imagedecoder_raw_mask.o
                0x26f0a658                _leRawImageDecoder_MaskStage_Internal
 .text.stage_convertColor
                0x26f0a67c       0x20 build/lcdc_rgba8888_mxt_a5d29_cu_wvga/debug/_ext/1583726331/legato_imagedecoder_raw_convert.o
 .text._leRawImageDecoder_ConvertStage
                0x26f0a69c       0x54 build/lcdc_rgba8888_mxt_a5d29_cu_wvga/debug/_ext/1583726331/legato_imagedecoder_raw_convert.o
                0x26f0a69c                _leRawImageDecoder_ConvertStage
 .text.stage_FrameBufferWrite
                0x26f0a6f0       0x18 build/lcdc_rgba8888_mxt_a5d29_cu_wvga/debug/_ext/1583726331/legato_imagedecoder_raw_write.o
 .text.stage_ImageWrite
                0x26f0a708       0x18 build/lcdc_rgba8888_mxt_a5d29_cu_wvga/debug/_ext/1583726331/legato_imagedecoder_raw_write.o
 .text._leRawImageDecoder_FrameBufferWriteStage
                0x26f0a720       0x22 build/lcdc_rgba8888_mxt_a5d29_cu_wvga/debug/_ext/1583726331/legato_imagedecoder_raw_write.o
                0x26f0a720                _leRawImageDecoder_FrameBufferWriteStage
 .text._leRawImageDecoder_ImageWriteStage
                0x26f0a742       0x22 build/lcdc_rgba8888_mxt_a5d29_cu_wvga/debug/_ext/1583726331/legato_imagedecoder_raw_write.o
                0x26f0a742                _leRawImageDecoder_ImageWriteStage
 .text.stage_imageRenderPostLookup
                0x26f0a764       0x3a build/lcdc_rgba8888_mxt_a5d29_cu_wvga/debug/_ext/1583726331/legato_imagedecoder_raw_palette_internal.o
 .text.stage_lookup
                0x26f0a79e       0x2c build/lcdc_rgba8888_mxt_a5d29_cu_wvga/debug/_ext/1583726331/legato_imagedecoder_raw_palette_internal.o
 .text._leRawImageDecoder_LookupStage_Internal
                0x26f0a7ca       0x3c build/lcdc_rgba8888_mxt_a5d29_cu_wvga/debug/_ext/1583726331/legato_imagedecoder_raw_palette_internal.o
                0x26f0a7ca                _leRawImageDecoder_LookupStage_Internal
 .text._leRawImageDecoder_ImageRenderPostLookupStage
                0x26f0a806       0x28 build/lcdc_rgba8888_mxt_a5d29_cu_wvga/debug/_ext/1583726331/legato_imagedecoder_raw_palette_internal.o
                0x26f0a806                _leRawImageDecoder_ImageRenderPostLookupStage
 .text.stage_rotateNearestNeighborPreRead
                0x26f0a82e       0xb6 build/lcdc_rgba8888_mxt_a5d29_cu_wvga/debug/_ext/1583726331/legato_imagedecoder_raw_rotate.o
 .text.stage_bilinearPreRead
                0x26f0a8e4      0x144 build/lcdc_rgba8888_mxt_a5d29_cu_wvga/debug/_ext/1583726331/legato_imagedecoder_raw_rotate.o
 .text.stage_rotateBilinearPostRead
                0x26f0aa28       0x3a build/lcdc_rgba8888_mxt_a5d29_cu_wvga/debug/_ext/1583726331/legato_imagedecoder_raw_rotate.o
 .text._leRawImageDecoder_RotateNearestNeighborPreReadStage
                0x26f0aa62       0x22 build/lcdc_rgba8888_mxt_a5d29_cu_wvga/debug/_ext/1583726331/legato_imagedecoder_raw_rotate.o
                0x26f0aa62                _leRawImageDecoder_RotateNearestNeighborPreReadStage
 .text._leRawImageDecoder_RotateBilinearPreReadStage
                0x26f0aa84       0x2a build/lcdc_rgba8888_mxt_a5d29_cu_wvga/debug/_ext/1583726331/legato_imagedecoder_raw_rotate.o
                0x26f0aa84                _leRawImageDecoder_RotateBilinearPreReadStage
 .text._leRawImageDecoder_RotateBilinearPostReadStage
                0x26f0aaae       0x22 build/lcdc_rgba8888_mxt_a5d29_cu_wvga/debug/_ext/1583726331/legato_imagedecoder_raw_rotate.o
                0x26f0aaae                _leRawImageDecoder_RotateBilinearPostReadStage
 .text.stage_decode
                0x26f0aad0       0x4a build/lcdc_rgba8888_mxt_a5d29_cu_wvga/debug/_ext/1583726331/legato_imagedecoder_raw_read_internal.o
 .text.rleRandomDecode
                0x26f0ab1a       0x36 build/lcdc_rgba8888_mxt_a5d29_cu_wvga/debug/_ext/1583726331/legato_imagedecoder_raw_read_internal.o
 .text.rleSequentialDecode
                0x26f0ab50       0x30 build/lcdc_rgba8888_mxt_a5d29_cu_wvga/debug/_ext/1583726331/legato_imagedecoder_raw_read_internal.o
 .text.colorDecode
                0x26f0ab80       0x24 build/lcdc_rgba8888_mxt_a5d29_cu_wvga/debug/_ext/1583726331/legato_imagedecoder_raw_read_internal.o
 .text.indexRLERandomDecode
                0x26f0aba4       0x52 build/lcdc_rgba8888_mxt_a5d29_cu_wvga/debug/_ext/1583726331/legato_imagedecoder_raw_read_internal.o
 .text.indexRLESequentialDecode
                0x26f0abf6       0x4c build/lcdc_rgba8888_mxt_a5d29_cu_wvga/debug/_ext/1583726331/legato_imagedecoder_raw_read_internal.o
 .text.indexDecode
                0x26f0ac42       0x22 build/lcdc_rgba8888_mxt_a5d29_cu_wvga/debug/_ext/1583726331/legato_imagedecoder_raw_read_internal.o
 .text._leRawImageDecoder_ReadStage_Internal
                0x26f0ac64       0xe6 build/lcdc_rgba8888_mxt_a5d29_cu_wvga/debug/_ext/1583726331/legato_imagedecoder_raw_read_internal.o
                0x26f0ac64                _leRawImageDecoder_ReadStage_Internal
 .text.stage_BlendRGBA5551
                0x26f0ad4a       0x18 build/lcdc_rgba8888_mxt_a5d29_cu_wvga/debug/_ext/1583726331/legato_imagedecoder_raw_blend.o
 .text.stage_BlendARGB8888
                0x26f0ad62       0x4e build/lcdc_rgba8888_mxt_a5d29_cu_wvga/debug/_ext/1583726331/legato_imagedecoder_raw_blend.o
 .text.stage_BlendRGBA8888
                0x26f0adb0       0x4a build/lcdc_rgba8888_mxt_a5d29_cu_wvga/debug/_ext/1583726331/legato_imagedecoder_raw_blend.o
 .text._leRawImageDecoder_BlendStage_Internal
                0x26f0adfa       0x7e build/lcdc_rgba8888_mxt_a5d29_cu_wvga/debug/_ext/1583726331/legato_imagedecoder_raw_blend.o
                0x26f0adfa                _leRawImageDecoder_BlendStage_Internal
 .text.leImage_InitDecoders
                0x26f0ae78       0x24 build/lcdc_rgba8888_mxt_a5d29_cu_wvga/debug/_ext/799424148/legato_image.o
                0x26f0ae78                leImage_InitDecoders
 .text.leImage_Create
                0x26f0ae9c       0x56 build/lcdc_rgba8888_mxt_a5d29_cu_wvga/debug/_ext/799424148/legato_image.o
                0x26f0ae9c                leImage_Create
 .text.leImage_Allocate
                0x26f0aef2       0x70 build/lcdc_rgba8888_mxt_a5d29_cu_wvga/debug/_ext/799424148/legato_image.o
                0x26f0aef2                leImage_Allocate
 .text.leImage_Draw
                0x26f0af62       0x8e build/lcdc_rgba8888_mxt_a5d29_cu_wvga/debug/_ext/799424148/legato_image.o
                0x26f0af62                leImage_Draw
 .text.getDiscreteValueAtIndex1
                0x26f0aff0       0x14 build/lcdc_rgba8888_mxt_a5d29_cu_wvga/debug/_ext/799424148/legato_image_utils.o
 .text.getDiscreteValueAtIndex4
                0x26f0b004       0x10 build/lcdc_rgba8888_mxt_a5d29_cu_wvga/debug/_ext/799424148/legato_image_utils.o
 .text.getDiscreteValueAtIndex8
                0x26f0b014        0x4 build/lcdc_rgba8888_mxt_a5d29_cu_wvga/debug/_ext/799424148/legato_image_utils.o
 .text.calcOffset1bpp
                0x26f0b018        0x4 build/lcdc_rgba8888_mxt_a5d29_cu_wvga/debug/_ext/799424148/legato_image_utils.o
 .text.calcOffset4bpp
                0x26f0b01c        0x4 build/lcdc_rgba8888_mxt_a5d29_cu_wvga/debug/_ext/799424148/legato_image_utils.o
 .text.calcOffset8bpp
                0x26f0b020        0x2 build/lcdc_rgba8888_mxt_a5d29_cu_wvga/debug/_ext/799424148/legato_image_utils.o
 .text.calcOffset16bpp
                0x26f0b022        0x4 build/lcdc_rgba8888_mxt_a5d29_cu_wvga/debug/_ext/799424148/legato_image_utils.o
 .text.calcOffset24bpp
                0x26f0b026        0x8 build/lcdc_rgba8888_mxt_a5d29_cu_wvga/debug/_ext/799424148/legato_image_utils.o
 .text.calcOffset32bpp
                0x26f0b02e        0x4 build/lcdc_rgba8888_mxt_a5d29_cu_wvga/debug/_ext/799424148/legato_image_utils.o
 .text.leGetRLEDataAtIndex
                0x26f0b032       0x8e build/lcdc_rgba8888_mxt_a5d29_cu_wvga/debug/_ext/799424148/legato_image_utils.o
                0x26f0b032                leGetRLEDataAtIndex
 .text.leGetDiscreteValueAtIndex
                0x26f0b0c0       0x12 build/lcdc_rgba8888_mxt_a5d29_cu_wvga/debug/_ext/799424148/legato_image_utils.o
                0x26f0b0c0                leGetDiscreteValueAtIndex
 .text.leGetOffsetFromIndexAndBPP
                0x26f0b0d2       0x12 build/lcdc_rgba8888_mxt_a5d29_cu_wvga/debug/_ext/799424148/legato_image_utils.o
                0x26f0b0d2                leGetOffsetFromIndexAndBPP
 .text._insertIntoList
                0x26f0b0e4       0x44 build/lcdc_rgba8888_mxt_a5d29_cu_wvga/debug/_ext/1095149328/legato_variableheap.o
 .text._removeFromList
                0x26f0b128       0x1e build/lcdc_rgba8888_mxt_a5d29_cu_wvga/debug/_ext/1095149328/legato_variableheap.o
 .text._findPreviousBlock
                0x26f0b146       0x48 build/lcdc_rgba8888_mxt_a5d29_cu_wvga/debug/_ext/1095149328/legato_variableheap.o
 .text._findNextBlock
                0x26f0b18e       0x30 build/lcdc_rgba8888_mxt_a5d29_cu_wvga/debug/_ext/1095149328/legato_variableheap.o
 .text._canSplit
                0x26f0b1be       0x28 build/lcdc_rgba8888_mxt_a5d29_cu_wvga/debug/_ext/1095149328/legato_variableheap.o
 .text._combineFreeBlockNext
                0x26f0b1e6       0x4e build/lcdc_rgba8888_mxt_a5d29_cu_wvga/debug/_ext/1095149328/legato_variableheap.o
 .text._growAllocBlock
                0x26f0b234       0xb4 build/lcdc_rgba8888_mxt_a5d29_cu_wvga/debug/_ext/1095149328/legato_variableheap.o
 .text.leVariableHeap_Init
                0x26f0b2e8       0x32 build/lcdc_rgba8888_mxt_a5d29_cu_wvga/debug/_ext/1095149328/legato_variableheap.o
                0x26f0b2e8                leVariableHeap_Init
 .text.leVariableHeap_Alloc
                0x26f0b31a       0xb2 build/lcdc_rgba8888_mxt_a5d29_cu_wvga/debug/_ext/1095149328/legato_variableheap.o
                0x26f0b31a                leVariableHeap_Alloc
 .text.leVariableHeap_Free
                0x26f0b3cc       0x8e build/lcdc_rgba8888_mxt_a5d29_cu_wvga/debug/_ext/1095149328/legato_variableheap.o
                0x26f0b3cc                leVariableHeap_Free
 .text.leVariableHeap_Realloc
                0x26f0b45a      0x1b8 build/lcdc_rgba8888_mxt_a5d29_cu_wvga/debug/_ext/1095149328/legato_variableheap.o
                0x26f0b45a                leVariableHeap_Realloc
 .text.leVariableHeap_Contains
                0x26f0b612       0x18 build/lcdc_rgba8888_mxt_a5d29_cu_wvga/debug/_ext/1095149328/legato_variableheap.o
                0x26f0b612                leVariableHeap_Contains
 .text.leVariableHeap_SizeOf
                0x26f0b62a        0x6 build/lcdc_rgba8888_mxt_a5d29_cu_wvga/debug/_ext/1095149328/legato_variableheap.o
                0x26f0b62a                leVariableHeap_SizeOf
 .text.leVariableHeap_Validate
                0x26f0b630        0x4 build/lcdc_rgba8888_mxt_a5d29_cu_wvga/debug/_ext/1095149328/legato_variableheap.o
                0x26f0b630                leVariableHeap_Validate
 .text.leFixedHeap_Init
                0x26f0b634       0x64 build/lcdc_rgba8888_mxt_a5d29_cu_wvga/debug/_ext/1095149328/legato_fixedheap.o
                0x26f0b634                leFixedHeap_Init
 .text.leFixedHeap_Alloc
                0x26f0b698       0x24 build/lcdc_rgba8888_mxt_a5d29_cu_wvga/debug/_ext/1095149328/legato_fixedheap.o
                0x26f0b698                leFixedHeap_Alloc
 .text.leFixedHeap_Free
                0x26f0b6bc        0xe build/lcdc_rgba8888_mxt_a5d29_cu_wvga/debug/_ext/1095149328/legato_fixedheap.o
                0x26f0b6bc                leFixedHeap_Free
 .text.leFixedHeap_Contains
                0x26f0b6ca       0x34 build/lcdc_rgba8888_mxt_a5d29_cu_wvga/debug/_ext/1095149328/legato_fixedheap.o
                0x26f0b6ca                leFixedHeap_Contains
 .text._fixedHeapAlloc
                0x26f0b6fe       0x42 build/lcdc_rgba8888_mxt_a5d29_cu_wvga/debug/_ext/1095149328/legato_memory.o
 .text._findFixedHeapForPointer
                0x26f0b740       0x40 build/lcdc_rgba8888_mxt_a5d29_cu_wvga/debug/_ext/1095149328/legato_memory.o
 .text.leMemory_Init
                0x26f0b780       0x88 build/lcdc_rgba8888_mxt_a5d29_cu_wvga/debug/_ext/1095149328/legato_memory.o
                0x26f0b780                leMemory_Init
 .text.leMalloc
                0x26f0b808       0x22 build/lcdc_rgba8888_mxt_a5d29_cu_wvga/debug/_ext/1095149328/legato_memory.o
                0x26f0b808                leMalloc
 .text.leFree   0x26f0b82a       0x5e build/lcdc_rgba8888_mxt_a5d29_cu_wvga/debug/_ext/1095149328/legato_memory.o
                0x26f0b82a                leFree
 .text.leRealloc
                0x26f0b888      0x1ba build/lcdc_rgba8888_mxt_a5d29_cu_wvga/debug/_ext/1095149328/legato_memory.o
                0x26f0b888                leRealloc
 .text._MonoFill
                0x26f0ba42       0x3e build/lcdc_rgba8888_mxt_a5d29_cu_wvga/debug/_ext/313713426/legato_draw.o
 .text._MonoPutPixel
                0x26f0ba80       0x1e build/lcdc_rgba8888_mxt_a5d29_cu_wvga/debug/_ext/313713426/legato_draw.o
 .text._RGBPutPixel
                0x26f0ba9e       0x1a build/lcdc_rgba8888_mxt_a5d29_cu_wvga/debug/_ext/313713426/legato_draw.o
 .text._RGBFill
                0x26f0bab8       0x56 build/lcdc_rgba8888_mxt_a5d29_cu_wvga/debug/_ext/313713426/legato_draw.o
 .text._RGBBlendPixel
                0x26f0bb0e       0xec build/lcdc_rgba8888_mxt_a5d29_cu_wvga/debug/_ext/313713426/legato_draw.o
 .text.leRenderer_GetPixel
                0x26f0bbfa       0x2a build/lcdc_rgba8888_mxt_a5d29_cu_wvga/debug/_ext/313713426/legato_draw.o
                0x26f0bbfa                leRenderer_GetPixel
 .text.leRenderer_PutPixel
                0x26f0bc24       0x30 build/lcdc_rgba8888_mxt_a5d29_cu_wvga/debug/_ext/313713426/legato_draw.o
                0x26f0bc24                leRenderer_PutPixel
 .text.leRenderer_BlendPixel
                0x26f0bc54       0x36 build/lcdc_rgba8888_mxt_a5d29_cu_wvga/debug/_ext/313713426/legato_draw.o
                0x26f0bc54                leRenderer_BlendPixel
 .text.leRenderer_BlendPixel_Safe
                0x26f0bc8a       0x44 build/lcdc_rgba8888_mxt_a5d29_cu_wvga/debug/_ext/313713426/legato_draw.o
                0x26f0bc8a                leRenderer_BlendPixel_Safe
 .text._RGBBlendFill
                0x26f0bcce       0xd4 build/lcdc_rgba8888_mxt_a5d29_cu_wvga/debug/_ext/313713426/legato_draw.o
 .text.leRenderer_FillArea
                0x26f0bda2       0x1c build/lcdc_rgba8888_mxt_a5d29_cu_wvga/debug/_ext/313713426/legato_draw.o
                0x26f0bda2                leRenderer_FillArea
 .text._leRenderer_InitDrawForMode
                0x26f0bdbe       0x86 build/lcdc_rgba8888_mxt_a5d29_cu_wvga/debug/_ext/313713426/legato_draw.o
                0x26f0bdbe                _leRenderer_InitDrawForMode
 .text._convertColorMode
                0x26f0be44        0x8 build/lcdc_rgba8888_mxt_a5d29_cu_wvga/debug/_ext/313713426/legato_gpu.o
 .text.leGPU_DrawLine
                0x26f0be4c      0x12c build/lcdc_rgba8888_mxt_a5d29_cu_wvga/debug/_ext/313713426/legato_gpu.o
                0x26f0be4c                leGPU_DrawLine
 .text.leGPU_ClearBuffer
                0x26f0bf78       0x60 build/lcdc_rgba8888_mxt_a5d29_cu_wvga/debug/_ext/313713426/legato_gpu.o
                0x26f0bf78                leGPU_ClearBuffer
 .text.leGPU_FillRect
                0x26f0bfd8       0xe6 build/lcdc_rgba8888_mxt_a5d29_cu_wvga/debug/_ext/313713426/legato_gpu.o
                0x26f0bfd8                leGPU_FillRect
 .text.leGPU_BlitBuffer
                0x26f0c0be      0x156 build/lcdc_rgba8888_mxt_a5d29_cu_wvga/debug/_ext/313713426/legato_gpu.o
                0x26f0c0be                leGPU_BlitBuffer
 .text.leGPU_BlitStretchBuffer
                0x26f0c214      0x14a build/lcdc_rgba8888_mxt_a5d29_cu_wvga/debug/_ext/313713426/legato_gpu.o
                0x26f0c214                leGPU_BlitStretchBuffer
 .text.leRenderer_RectFill
                0x26f0c35e       0x48 build/lcdc_rgba8888_mxt_a5d29_cu_wvga/debug/_ext/313713426/legato_draw_rect.o
                0x26f0c35e                leRenderer_RectFill
 .text.drawQ1   0x26f0c3a6      0x134 build/lcdc_rgba8888_mxt_a5d29_cu_wvga/debug/_ext/313713426/legato_draw_arc.o
 .text.drawQ2   0x26f0c4da      0x12e build/lcdc_rgba8888_mxt_a5d29_cu_wvga/debug/_ext/313713426/legato_draw_arc.o
 .text.drawQ3   0x26f0c608      0x13c build/lcdc_rgba8888_mxt_a5d29_cu_wvga/debug/_ext/313713426/legato_draw_arc.o
 .text.drawQ4   0x26f0c744      0x138 build/lcdc_rgba8888_mxt_a5d29_cu_wvga/debug/_ext/313713426/legato_draw_arc.o
 .text.leRenderer_ArcFill
                0x26f0c87c      0x2b4 build/lcdc_rgba8888_mxt_a5d29_cu_wvga/debug/_ext/313713426/legato_draw_arc.o
                0x26f0c87c                leRenderer_ArcFill
 .text.leRenderer_CircleFill
                0x26f0cb30       0x86 build/lcdc_rgba8888_mxt_a5d29_cu_wvga/debug/_ext/313713426/legato_draw_arc.o
                0x26f0cb30                leRenderer_CircleFill
 .text.leRenderer_HorzLine
                0x26f0cbb6       0x94 build/lcdc_rgba8888_mxt_a5d29_cu_wvga/debug/_ext/313713426/legato_draw_line.o
                0x26f0cbb6                leRenderer_HorzLine
 .text.leRenderer_VertLine
                0x26f0cc4a       0x96 build/lcdc_rgba8888_mxt_a5d29_cu_wvga/debug/_ext/313713426/legato_draw_line.o
                0x26f0cc4a                leRenderer_VertLine
 .text.findDirtyWidget
                0x26f0cce0       0x4c build/lcdc_rgba8888_mxt_a5d29_cu_wvga/debug/_ext/313713426/legato_renderer.o
 .text._nextRect
                0x26f0cd2c       0x28 build/lcdc_rgba8888_mxt_a5d29_cu_wvga/debug/_ext/313713426/legato_renderer.o
 .text.invalidateWidget
                0x26f0cd54       0x8c build/lcdc_rgba8888_mxt_a5d29_cu_wvga/debug/_ext/313713426/legato_renderer.o
 .text.addDamageRectToList
                0x26f0cde0       0x66 build/lcdc_rgba8888_mxt_a5d29_cu_wvga/debug/_ext/313713426/legato_renderer.o
 .text.leRenderer_IsIdle
                0x26f0ce46       0x14 build/lcdc_rgba8888_mxt_a5d29_cu_wvga/debug/_ext/313713426/legato_renderer.o
                0x26f0ce46                leRenderer_IsIdle
 .text.leGetRenderBuffer
                0x26f0ce5a       0x24 build/lcdc_rgba8888_mxt_a5d29_cu_wvga/debug/_ext/313713426/legato_renderer.o
                0x26f0ce5a                leGetRenderBuffer
 .text.leRenderer_CurrentColorMode
                0x26f0ce7e       0x1c build/lcdc_rgba8888_mxt_a5d29_cu_wvga/debug/_ext/313713426/legato_renderer.o
                0x26f0ce7e                leRenderer_CurrentColorMode
 .text.leRenderer_ConvertColor
                0x26f0ce9a       0x28 build/lcdc_rgba8888_mxt_a5d29_cu_wvga/debug/_ext/313713426/legato_renderer.o
                0x26f0ce9a                leRenderer_ConvertColor
 .text.leRenderer_DisplaySize
                0x26f0cec2       0x24 build/lcdc_rgba8888_mxt_a5d29_cu_wvga/debug/_ext/313713426/legato_renderer.o
                0x26f0cec2                leRenderer_DisplaySize
 *fill*         0x26f0cee6        0x2 
 .text.leRenderer_GetClipRect
                0x26f0cee8       0x10 build/lcdc_rgba8888_mxt_a5d29_cu_wvga/debug/_ext/313713426/legato_renderer.o
                0x26f0cee8                leRenderer_GetClipRect
 .text.leRenderer_GetFrameRect
                0x26f0cef8       0x1c build/lcdc_rgba8888_mxt_a5d29_cu_wvga/debug/_ext/313713426/legato_renderer.o
                0x26f0cef8                leRenderer_GetFrameRect
 .text.leRenderer_CullDrawRect
                0x26f0cf14       0x18 build/lcdc_rgba8888_mxt_a5d29_cu_wvga/debug/_ext/313713426/legato_renderer.o
                0x26f0cf14                leRenderer_CullDrawRect
 .text.leRenderer_CullDrawXY
                0x26f0cf2c       0x20 build/lcdc_rgba8888_mxt_a5d29_cu_wvga/debug/_ext/313713426/legato_renderer.o
                0x26f0cf2c                leRenderer_CullDrawXY
 .text.leRenderer_ClipDrawRect
                0x26f0cf4c       0x10 build/lcdc_rgba8888_mxt_a5d29_cu_wvga/debug/_ext/313713426/legato_renderer.o
                0x26f0cf4c                leRenderer_ClipDrawRect
 .text.leRenderer_Initialize
                0x26f0cf5c       0x70 build/lcdc_rgba8888_mxt_a5d29_cu_wvga/debug/_ext/313713426/legato_renderer.o
                0x26f0cf5c                leRenderer_Initialize
 .text.leRenderer_DisplayInterface
                0x26f0cfcc        0xc build/lcdc_rgba8888_mxt_a5d29_cu_wvga/debug/_ext/313713426/legato_renderer.o
                0x26f0cfcc                leRenderer_DisplayInterface
 .text.leRenderer_GPUInterface
                0x26f0cfd8        0xc build/lcdc_rgba8888_mxt_a5d29_cu_wvga/debug/_ext/313713426/legato_renderer.o
                0x26f0cfd8                leRenderer_GPUInterface
 .text.leRenderer_DamageArea
                0x26f0cfe4       0x7e build/lcdc_rgba8888_mxt_a5d29_cu_wvga/debug/_ext/313713426/legato_renderer.o
                0x26f0cfe4                leRenderer_DamageArea
 *fill*         0x26f0d062        0x2 
 .text.leRenderer_Paint
                0x26f0d064      0x518 build/lcdc_rgba8888_mxt_a5d29_cu_wvga/debug/_ext/313713426/legato_renderer.o
                0x26f0d064                leRenderer_Paint
 .text._leRenderer_CreateLayerState
                0x26f0d57c       0x3a build/lcdc_rgba8888_mxt_a5d29_cu_wvga/debug/_ext/313713426/legato_renderer.o
                0x26f0d57c                _leRenderer_CreateLayerState
 .text.leStringTable_GetStringOffset